Archive member included to satisfy reference by file (symbol)

app/libapp.a(main.c.obj)      (--whole-archive)
zephyr/libzephyr.a(crc32_sw.c.obj)
                              (--whole-archive)
zephyr/libzephyr.a(crc16_sw.c.obj)
                              (--whole-archive)
zephyr/libzephyr.a(crc8_sw.c.obj)
                              (--whole-archive)
zephyr/libzephyr.a(crc7_sw.c.obj)
                              (--whole-archive)
zephyr/libzephyr.a(dec.c.obj)
                              (--whole-archive)
zephyr/libzephyr.a(fdtable.c.obj)
                              (--whole-archive)
zephyr/libzephyr.a(hex.c.obj)
                              (--whole-archive)
zephyr/libzephyr.a(mempool.c.obj)
                              (--whole-archive)
zephyr/libzephyr.a(notify.c.obj)
                              (--whole-archive)
zephyr/libzephyr.a(printk.c.obj)
                              (--whole-archive)
zephyr/libzephyr.a(onoff.c.obj)
                              (--whole-archive)
zephyr/libzephyr.a(rb.c.obj)  (--whole-archive)
zephyr/libzephyr.a(sem.c.obj)
                              (--whole-archive)
zephyr/libzephyr.a(thread_entry.c.obj)
                              (--whole-archive)
zephyr/libzephyr.a(timeutil.c.obj)
                              (--whole-archive)
zephyr/libzephyr.a(work_q.c.obj)
                              (--whole-archive)
zephyr/libzephyr.a(heap.c.obj)
                              (--whole-archive)
zephyr/libzephyr.a(heap-validate.c.obj)
                              (--whole-archive)
zephyr/libzephyr.a(configs.c.obj)
                              (--whole-archive)
zephyr/libzephyr.a(validate_base_addresses.c.obj)
                              (--whole-archive)
zephyr/libzephyr.a(validate_enabled_instances.c.obj)
                              (--whole-archive)
zephyr/libzephyr.a(power.c.obj)
                              (--whole-archive)
zephyr/libzephyr.a(device.c.obj)
                              (--whole-archive)
zephyr/libzephyr.a(pm_ctrl.c.obj)
                              (--whole-archive)
zephyr/libzephyr.a(policy_residency.c.obj)
                              (--whole-archive)
zephyr/libzephyr.a(uart_console.c.obj)
                              (--whole-archive)
zephyr/libzephyr.a(nrf_power_clock.c.obj)
                              (--whole-archive)
zephyr/libzephyr.a(sys_clock_init.c.obj)
                              (--whole-archive)
zephyr/libzephyr.a(nrf_rtc_timer.c.obj)
                              (--whole-archive)
zephyr/libzephyr.a(SEGGER_RTT.c.obj)
                              (--whole-archive)
zephyr/libzephyr.a(SEGGER_RTT_zephyr.c.obj)
                              (--whole-archive)
zephyr/arch/common/libarch__common.a(isr_tables.c.obj)
                              (--whole-archive)
zephyr/arch/common/libarch__common.a(sw_isr_common.c.obj)
                              (--whole-archive)
zephyr/arch/arch/arm/core/aarch32/libarch__arm__core__aarch32.a(swap.c.obj)
                              (--whole-archive)
zephyr/arch/arch/arm/core/aarch32/libarch__arm__core__aarch32.a(swap_helper.S.obj)
                              (--whole-archive)
zephyr/arch/arch/arm/core/aarch32/libarch__arm__core__aarch32.a(irq_manage.c.obj)
                              (--whole-archive)
zephyr/arch/arch/arm/core/aarch32/libarch__arm__core__aarch32.a(thread.c.obj)
                              (--whole-archive)
zephyr/arch/arch/arm/core/aarch32/libarch__arm__core__aarch32.a(cpu_idle.S.obj)
                              (--whole-archive)
zephyr/arch/arch/arm/core/aarch32/libarch__arm__core__aarch32.a(fatal.c.obj)
                              (--whole-archive)
zephyr/arch/arch/arm/core/aarch32/libarch__arm__core__aarch32.a(nmi.c.obj)
                              (--whole-archive)
zephyr/arch/arch/arm/core/aarch32/libarch__arm__core__aarch32.a(nmi_on_reset.S.obj)
                              (--whole-archive)
zephyr/arch/arch/arm/core/aarch32/libarch__arm__core__aarch32.a(prep_c.c.obj)
                              (--whole-archive)
zephyr/arch/arch/arm/core/aarch32/libarch__arm__core__aarch32.a(isr_wrapper.S.obj)
                              (--whole-archive)
zephyr/arch/arch/arm/core/aarch32/cortex_m/libarch__arm__core__aarch32__cortex_m.a(vector_table.S.obj)
                              (--whole-archive)
zephyr/arch/arch/arm/core/aarch32/cortex_m/libarch__arm__core__aarch32__cortex_m.a(reset.S.obj)
                              (--whole-archive)
zephyr/arch/arch/arm/core/aarch32/cortex_m/libarch__arm__core__aarch32__cortex_m.a(fault_s.S.obj)
                              (--whole-archive)
zephyr/arch/arch/arm/core/aarch32/cortex_m/libarch__arm__core__aarch32__cortex_m.a(fault.c.obj)
                              (--whole-archive)
zephyr/arch/arch/arm/core/aarch32/cortex_m/libarch__arm__core__aarch32__cortex_m.a(exc_exit.S.obj)
                              (--whole-archive)
[...]
Memory Configuration

Name             Origin             Length             Attributes
FLASH            0x0000000000000000 0x0000000000080000 xr
SRAM             0x0000000020000000 0x0000000000010000 xw
IDT_LIST         0x0000000020010000 0x0000000000000800 xw
*default*        0x0000000000000000 0xffffffffffffffff

Linker script and memory map

LOAD zephyr/CMakeFiles/zephyr_final.dir/misc/empty_file.c.obj
LOAD zephyr/CMakeFiles/zephyr_final.dir/isr_tables.c.obj
                0x0000000000000020                _region_min_align = 0x20

.rel.plt        0x0000000000000000        0x0
 *(SORT_BY_ALIGNMENT(.rel.plt))
                [!provide]                        PROVIDE (__rel_iplt_start = .)
 *(SORT_BY_ALIGNMENT(.rel.iplt))
 .rel.iplt      0x0000000000000000        0x0 zephyr/CMakeFiles/zephyr_final.dir/isr_tables.c.obj
                [!provide]                        PROVIDE (__rel_iplt_end = .)

.rela.plt       0x0000000000000000        0x0
 *(SORT_BY_ALIGNMENT(.rela.plt))
                [!provide]                        PROVIDE (__rela_iplt_start = .)
 *(SORT_BY_ALIGNMENT(.rela.iplt))
                [!provide]                        PROVIDE (__rela_iplt_end = .)

.rel.dyn
 *(SORT_BY_ALIGNMENT(.rel.*))

.rela.dyn
 *(SORT_BY_ALIGNMENT(.rela.*))

/DISCARD/
 *(SORT_BY_ALIGNMENT(.plt))
 *(SORT_BY_ALIGNMENT(.iplt))
 *(SORT_BY_ALIGNMENT(.got.plt))
 *(SORT_BY_ALIGNMENT(.igot.plt))
 *(SORT_BY_ALIGNMENT(.got))
 *(SORT_BY_ALIGNMENT(.igot))
 *(SORT_BY_ALIGNMENT(.irq_info))
 *(SORT_BY_ALIGNMENT(.intList))
 *(SORT_BY_ALIGNMENT(.note.GNU-stack))
                0x0000000000000000                _image_rom_start = 0x0

rom_start       0x0000000000000000       0xdc
                0x0000000000000000                . = 0x0
                0x0000000000000000                . = ALIGN (0x4)
                0x0000000000000000                . = ALIGN (0x80)
                0x0000000000000000                . = ALIGN (0x100)
                0x0000000000000000                _vector_start = .
 *(SORT_BY_ALIGNMENT(.exc_vector_table))
 *(SORT_BY_ALIGNMENT(.exc_vector_table.*))
 .exc_vector_table._vector_table_section
                0x0000000000000000       0x40 zephyr/arch/arch/arm/core/aarch32/cortex_m/libarch__arm__core__aarch32__cortex_m.a(vector_table.S.obj)
                0x0000000000000000                _vector_table
 *(SORT_BY_ALIGNMENT(.gnu.linkonce.irq_vector_table))
 .gnu.linkonce.irq_vector_table
                0x0000000000000040       0x9c zephyr/CMakeFiles/zephyr_final.dir/isr_tables.c.obj
                0x0000000000000040                _irq_vector_table
 *(SORT_BY_ALIGNMENT(.vectors))
                0x00000000000000dc                _vector_end = .
 *(SORT_BY_ALIGNMENT(.openocd_dbg))
 *(SORT_BY_ALIGNMENT(.openocd_dbg.*))

text            0x00000000000000dc     0x3716
                0x00000000000000dc                _image_text_start = .
 *(SORT_BY_ALIGNMENT(.text))
 .text          0x00000000000000dc       0x30 /home/heerokbanerjee/zephyr-sdk-0.11.3/arm-zephyr-eabi/bin/../lib/gcc/arm-zephyr-eabi/9.2.0/thumb/v7e-m/nofp/libgcc.a(_aeabi_uldivmod.o)
                0x00000000000000dc                __aeabi_uldivmod
 .text          0x000000000000010c      0x2c4 /home/heerokbanerjee/zephyr-sdk-0.11.3/arm-zephyr-eabi/bin/../lib/gcc/arm-zephyr-eabi/9.2.0/thumb/v7e-m/nofp/libgcc.a(_udivmoddi4.o)
                0x000000000000010c                __udivmoddi4
 .text          0x00000000000003d0        0x4 /home/heerokbanerjee/zephyr-sdk-0.11.3/arm-zephyr-eabi/bin/../lib/gcc/arm-zephyr-eabi/9.2.0/thumb/v7e-m/nofp/libgcc.a(_dvmd_tls.o)
                0x00000000000003d0                __aeabi_ldiv0
                0x00000000000003d0                __aeabi_idiv0
 *(SORT_BY_ALIGNMENT(.text.*))
 .text.main     0x00000000000003d4       0xcc app/libapp.a(main.c.obj)
                0x00000000000003d4                main
 .text.print_digits
                0x00000000000004a0       0x98 zephyr/libzephyr.a(printk.c.obj)
 .text.char_out
                0x0000000000000538       0x10 zephyr/libzephyr.a(printk.c.obj)
 .text.__printk_hook_install
                0x0000000000000548        0xc zephyr/libzephyr.a(printk.c.obj)
                0x0000000000000548                __printk_hook_install
 .text.z_vprintk
                0x0000000000000554      0x23c zephyr/libzephyr.a(printk.c.obj)
                0x0000000000000554                z_vprintk
 .text.vprintk  0x0000000000000790       0x1c zephyr/libzephyr.a(printk.c.obj)
                0x0000000000000790                vprintk
 .text.process_event
                0x00000000000007ac      0x1dc zephyr/libzephyr.a(onoff.c.obj)
 .text.sys_pm_force_power_state
                0x0000000000000988        0xc zephyr/libzephyr.a(power.c.obj)
                0x0000000000000988                sys_pm_force_power_state
 .text._sys_suspend
                0x0000000000000994       0xb0 zephyr/libzephyr.a(power.c.obj)
                0x0000000000000994                _sys_suspend
 .text._sys_pm_devices
                0x0000000000000a44       0x68 zephyr/libzephyr.a(device.c.obj)
 .text.sys_pm_resume_devices
                0x0000000000000aac       0x5c zephyr/libzephyr.a(device.c.obj)
                0x0000000000000aac                sys_pm_resume_devices
 .text.sys_pm_create_device_list
                0x0000000000000b08       0x88 zephyr/libzephyr.a(device.c.obj)
                0x0000000000000b08                sys_pm_create_device_list
 .text.sys_pm_ctrl_disable_state
                0x0000000000000b90       0x24 zephyr/libzephyr.a(pm_ctrl.c.obj)
                0x0000000000000b90                sys_pm_ctrl_disable_state
 .text.sys_pm_ctrl_is_state_enabled
                0x0000000000000bb4       0x1c zephyr/libzephyr.a(pm_ctrl.c.obj)
                0x0000000000000bb4                sys_pm_ctrl_is_state_enabled
 .text.uart_console_init
                0x0000000000000bd0       0x2c zephyr/libzephyr.a(uart_console.c.obj)
 .text.console_out
                0x0000000000000bfc       0x28 zephyr/libzephyr.a(uart_console.c.obj)
 .text.onoff_stop
                0x0000000000000c24       0x48 zephyr/libzephyr.a(nrf_power_clock.c.obj)
 .text.onoff_start
                0x0000000000000c6c       0x5c zephyr/libzephyr.a(nrf_power_clock.c.obj)
 .text.clk_init
                0x0000000000000cc8       0x50 zephyr/libzephyr.a(nrf_power_clock.c.obj)
 .text.clkstarted_handle.constprop.0
                0x0000000000000d18       0x38 zephyr/libzephyr.a(nrf_power_clock.c.obj)
 .text.generic_hfclk_start
                0x0000000000000d50       0x68 zephyr/libzephyr.a(nrf_power_clock.c.obj)
 .text.lfclk_start
                0x0000000000000db8       0x24 zephyr/libzephyr.a(nrf_power_clock.c.obj)
 .text.lfclk_stop
                0x0000000000000ddc       0x20 zephyr/libzephyr.a(nrf_power_clock.c.obj)
 .text.generic_hfclk_stop
                0x0000000000000dfc       0x44 zephyr/libzephyr.a(nrf_power_clock.c.obj)
 .text.api_blocking_start
                0x0000000000000e40       0x38 zephyr/libzephyr.a(nrf_power_clock.c.obj)
 .text.nrf_power_clock_isr
                0x0000000000000e78       0x74 zephyr/libzephyr.a(nrf_power_clock.c.obj)
                0x0000000000000e78                nrf_power_clock_isr
 .text.z_nrf_clock_control_lf_on
                0x0000000000000eec       0x54 zephyr/libzephyr.a(nrf_power_clock.c.obj)
                0x0000000000000eec                z_nrf_clock_control_lf_on
 .text.handle_next_cycle_case
                0x0000000000000f40       0x28 zephyr/libzephyr.a(nrf_rtc_timer.c.obj)
 .text.event_clear
                0x0000000000000f68       0x18 zephyr/libzephyr.a(nrf_rtc_timer.c.obj)
 .text.rtc_nrf_isr
                0x0000000000000f80       0x2c zephyr/libzephyr.a(nrf_rtc_timer.c.obj)
                0x0000000000000f80                rtc_nrf_isr
 .text.z_clock_driver_init
                0x0000000000000fac       0x50 zephyr/libzephyr.a(nrf_rtc_timer.c.obj)
                0x0000000000000fac                z_clock_driver_init
 .text.z_clock_set_timeout
                0x0000000000000ffc       0xbc zephyr/libzephyr.a(nrf_rtc_timer.c.obj)
                0x0000000000000ffc                z_clock_set_timeout
 .text.z_clock_elapsed
                0x00000000000010b8       0x34 zephyr/libzephyr.a(nrf_rtc_timer.c.obj)
                0x00000000000010b8                z_clock_elapsed
 .text._DoInit  0x00000000000010ec       0x60 zephyr/libzephyr.a(SEGGER_RTT.c.obj)
 .text.arch_swap
                0x000000000000114c       0x34 zephyr/arch/arch/arm/core/aarch32/libarch__arm__core__aarch32.a(swap.c.obj)
                0x000000000000114c                arch_swap
 .text.z_arm_pendsv
                0x0000000000001180       0x48 zephyr/arch/arch/arm/core/aarch32/libarch__arm__core__aarch32.a(swap_helper.S.obj)
                0x0000000000001180                z_arm_pendsv
 .text.z_arm_svc
                0x00000000000011c8       0x20 zephyr/arch/arch/arm/core/aarch32/libarch__arm__core__aarch32.a(swap_helper.S.obj)
                0x00000000000011c8                z_arm_svc
 .text.arch_irq_enable
                0x00000000000011e8       0x20 zephyr/arch/arch/arm/core/aarch32/libarch__arm__core__aarch32.a(irq_manage.c.obj)
                0x00000000000011e8                arch_irq_enable
 .text.z_arm_irq_priority_set
                0x0000000000001208       0x30 zephyr/arch/arch/arm/core/aarch32/libarch__arm__core__aarch32.a(irq_manage.c.obj)
                0x0000000000001208                z_arm_irq_priority_set
 .text.arch_new_thread
                0x0000000000001238       0x34 zephyr/arch/arch/arm/core/aarch32/libarch__arm__core__aarch32.a(thread.c.obj)
                0x0000000000001238                arch_new_thread
 .text.arch_switch_to_main_thread
                0x000000000000126c       0x38 zephyr/arch/arch/arm/core/aarch32/libarch__arm__core__aarch32.a(thread.c.obj)
                0x000000000000126c                arch_switch_to_main_thread
 .text.z_arm_cpu_idle_init
                0x00000000000012a4        0xc zephyr/arch/arch/arm/core/aarch32/libarch__arm__core__aarch32.a(cpu_idle.S.obj)
                0x00000000000012a4                z_arm_cpu_idle_init
 .text.arch_cpu_idle
                0x00000000000012b0       0x1c zephyr/arch/arch/arm/core/aarch32/libarch__arm__core__aarch32.a(cpu_idle.S.obj)
                0x00000000000012b0                arch_cpu_idle
 .text.z_SysNmiOnReset
                0x00000000000012cc        0x8 zephyr/arch/arch/arm/core/aarch32/libarch__arm__core__aarch32.a(nmi_on_reset.S.obj)
                0x00000000000012cc                z_SysNmiOnReset
 .text.z_arm_prep_c
                0x00000000000012d4       0x44 zephyr/arch/arch/arm/core/aarch32/libarch__arm__core__aarch32.a(prep_c.c.obj)
                0x00000000000012d4                z_arm_prep_c
 .text._isr_wrapper
                0x0000000000001318       0x40 zephyr/arch/arch/arm/core/aarch32/libarch__arm__core__aarch32.a(isr_wrapper.S.obj)
                0x0000000000001318                _isr_wrapper
 .text._reset_section
                0x0000000000001358       0x30 zephyr/arch/arch/arm/core/aarch32/cortex_m/libarch__arm__core__aarch32__cortex_m.a(reset.S.obj)
                0x0000000000001358                z_arm_reset
                0x0000000000001358                __start
 .text.__fault  0x0000000000001388       0x14 zephyr/arch/arch/arm/core/aarch32/cortex_m/libarch__arm__core__aarch32__cortex_m.a(fault_s.S.obj)
                0x0000000000001388                z_arm_bus_fault
                0x0000000000001388                z_arm_usage_fault
                0x0000000000001388                z_arm_mpu_fault
                0x0000000000001388                z_arm_exc_spurious
                0x0000000000001388                z_arm_debug_monitor
                0x0000000000001388                z_arm_hard_fault
 .text.mem_manage_fault.isra.0
                0x000000000000139c       0x38 zephyr/arch/arch/arm/core/aarch32/cortex_m/libarch__arm__core__aarch32__cortex_m.a(fault.c.obj)
 .text.bus_fault.isra.0
                0x00000000000013d4       0x3c zephyr/arch/arch/arm/core/aarch32/cortex_m/libarch__arm__core__aarch32__cortex_m.a(fault.c.obj)
 .text.usage_fault.isra.0
                0x0000000000001410       0x24 zephyr/arch/arch/arm/core/aarch32/cortex_m/libarch__arm__core__aarch32__cortex_m.a(fault.c.obj)
 .text.z_arm_fault
                0x0000000000001434       0xe8 zephyr/arch/arch/arm/core/aarch32/cortex_m/libarch__arm__core__aarch32__cortex_m.a(fault.c.obj)
                0x0000000000001434                z_arm_fault
 .text.z_arm_fault_init
                0x000000000000151c       0x10 zephyr/arch/arch/arm/core/aarch32/cortex_m/libarch__arm__core__aarch32__cortex_m.a(fault.c.obj)
                0x000000000000151c                z_arm_fault_init
 .text._HandlerModeExit
                0x000000000000152c       0x1c zephyr/arch/arch/arm/core/aarch32/cortex_m/libarch__arm__core__aarch32__cortex_m.a(exc_exit.S.obj)
                0x000000000000152c                z_arm_exc_exit
                0x000000000000152c                z_arm_int_exit
 .text.z_arm_interrupt_init
                0x0000000000001548       0x18 zephyr/arch/arch/arm/core/aarch32/cortex_m/libarch__arm__core__aarch32__cortex_m.a(irq_init.c.obj)
                0x0000000000001548                z_arm_interrupt_init
 .text.z_impl_k_thread_abort
                0x0000000000001560       0x4c zephyr/arch/arch/arm/core/aarch32/cortex_m/libarch__arm__core__aarch32__cortex_m.a(thread_abort.c.obj)
                0x0000000000001560                z_impl_k_thread_abort
 .text.z_arm_configure_static_mpu_regions
                0x00000000000015ac       0x38 zephyr/arch/arch/arm/core/aarch32/cortex_m/mpu/libarch__arm__core__aarch32__cortex_m__mpu.a(arm_core_mpu.c.obj)
                0x00000000000015ac                z_arm_configure_static_mpu_regions
 .text.mpu_configure_regions
                0x00000000000015e4       0x8c zephyr/arch/arch/arm/core/aarch32/cortex_m/mpu/libarch__arm__core__aarch32__cortex_m__mpu.a(arm_mpu.c.obj)
 .text.arm_core_mpu_enable
                0x0000000000001670       0x14 zephyr/arch/arch/arm/core/aarch32/cortex_m/mpu/libarch__arm__core__aarch32__cortex_m__mpu.a(arm_mpu.c.obj)
                0x0000000000001670                arm_core_mpu_enable
 .text.arm_core_mpu_disable
                0x0000000000001684       0x10 zephyr/arch/arch/arm/core/aarch32/cortex_m/mpu/libarch__arm__core__aarch32__cortex_m__mpu.a(arm_mpu.c.obj)
                0x0000000000001684                arm_core_mpu_disable
 .text.arm_mpu_init
                0x0000000000001694       0x5c zephyr/arch/arch/arm/core/aarch32/cortex_m/mpu/libarch__arm__core__aarch32__cortex_m__mpu.a(arm_mpu.c.obj)
 .text.arm_core_mpu_configure_static_mpu_regions
                0x00000000000016f0       0x14 zephyr/arch/arch/arm/core/aarch32/cortex_m/mpu/libarch__arm__core__aarch32__cortex_m__mpu.a(arm_mpu.c.obj)
                0x00000000000016f0                arm_core_mpu_configure_static_mpu_regions
 .text.__stdout_hook_install
                0x0000000000001704        0xc zephyr/lib/libc/minimal/liblib__libc__minimal.a(stdout_console.c.obj)
                0x0000000000001704                __stdout_hook_install
 .text.nordicsemi_nrf52_init
                0x0000000000001710       0x30 zephyr/soc/arm/nordic_nrf/nrf52/libsoc__arm__nordic_nrf__nrf52.a(soc.c.obj)
 .text.arch_busy_wait
                0x0000000000001740       0x14 zephyr/soc/arm/nordic_nrf/nrf52/libsoc__arm__nordic_nrf__nrf52.a(soc.c.obj)
                0x0000000000001740                arch_busy_wait
 .text.gpio_nrfx_init
                0x0000000000001754       0x30 zephyr/drivers/gpio/libdrivers__gpio.a(gpio_nrfx.c.obj)
 .text.gpio_nrfx_config
                0x0000000000001784       0xbc zephyr/drivers/gpio/libdrivers__gpio.a(gpio_nrfx.c.obj)
 .text.gpio_nrfx_pin_interrupt_configure
                0x0000000000001840      0x1e4 zephyr/drivers/gpio/libdrivers__gpio.a(gpio_nrfx.c.obj)
 .text.gpiote_event_handler
                0x0000000000001a24      0x148 zephyr/drivers/gpio/libdrivers__gpio.a(gpio_nrfx.c.obj)
 .text.uart_nrfx_err_check
                0x0000000000001b6c       0x10 zephyr/drivers/serial/libdrivers__serial.a(uart_nrfx_uart.c.obj)
 .text.uart_nrfx_configure
                0x0000000000001b7c      0x164 zephyr/drivers/serial/libdrivers__serial.a(uart_nrfx_uart.c.obj)
 .text.uart_nrfx_poll_in
                0x0000000000001ce0       0x2c zephyr/drivers/serial/libdrivers__serial.a(uart_nrfx_uart.c.obj)
 .text.uart_nrfx_poll_out
                0x0000000000001d0c       0x88 zephyr/drivers/serial/libdrivers__serial.a(uart_nrfx_uart.c.obj)
 .text.uart_nrfx_init
                0x0000000000001d94       0x68 zephyr/drivers/serial/libdrivers__serial.a(uart_nrfx_uart.c.obj)
 .text.uart_nrfx_pm_control
                0x0000000000001dfc       0xc8 zephyr/drivers/serial/libdrivers__serial.a(uart_nrfx_uart.c.obj)
 .text.nrf52_errata_12
                0x0000000000001ec4       0x40 modules/nordic/lib..__modules__hal__nordic.a(system_nrf52.c.obj)
 .text.nrf52_errata_16
                0x0000000000001f04       0x2c modules/nordic/lib..__modules__hal__nordic.a(system_nrf52.c.obj)
 .text.SystemInit
                0x0000000000001f30      0x260 modules/nordic/lib..__modules__hal__nordic.a(system_nrf52.c.obj)
                0x0000000000001f30                SystemInit
 .text.z_sys_init_run_level
                0x0000000000002190       0x2c zephyr/kernel/libkernel.a(device.c.obj)
                0x0000000000002190                z_sys_init_run_level
 .text.z_impl_device_get_binding
                0x00000000000021bc       0x48 zephyr/kernel/libkernel.a(device.c.obj)
                0x00000000000021bc                z_impl_device_get_binding
 .text.z_device_get_all_static
                0x0000000000002204       0x1c zephyr/kernel/libkernel.a(device.c.obj)
                0x0000000000002204                z_device_get_all_static
 .text.idle     0x0000000000002220       0x4c zephyr/kernel/libkernel.a(idle.c.obj)
                0x0000000000002220                idle
 .text.z_bss_zero
                0x000000000000226c       0x14 zephyr/kernel/libkernel.a(init.c.obj)
                0x000000000000226c                z_bss_zero
 .text.z_data_copy
                0x0000000000002280       0x34 zephyr/kernel/libkernel.a(init.c.obj)
                0x0000000000002280                z_data_copy
 .text.bg_thread_main
                0x00000000000022b4       0x48 zephyr/kernel/libkernel.a(init.c.obj)
 .text.z_cstart
                0x00000000000022fc      0x108 zephyr/kernel/libkernel.a(init.c.obj)
                0x00000000000022fc                z_cstart
 .text.z_reset_time_slice
                0x0000000000002404       0x2c zephyr/kernel/libkernel.a(sched.c.obj)
                0x0000000000002404                z_reset_time_slice
 .text.k_sched_time_slice_set
                0x0000000000002430       0x58 zephyr/kernel/libkernel.a(sched.c.obj)
                0x0000000000002430                k_sched_time_slice_set
 .text.k_sched_lock
                0x0000000000002488       0x28 zephyr/kernel/libkernel.a(sched.c.obj)
                0x0000000000002488                k_sched_lock
 .text.z_priq_dumb_remove
                0x00000000000024b0       0x2c zephyr/kernel/libkernel.a(sched.c.obj)
                0x00000000000024b0                z_priq_dumb_remove
 .text.update_cache
                0x00000000000024dc       0x48 zephyr/kernel/libkernel.a(sched.c.obj)
 .text.k_sched_unlock
                0x0000000000002524       0x38 zephyr/kernel/libkernel.a(sched.c.obj)
                0x0000000000002524                k_sched_unlock
 .text.ready_thread
                0x000000000000255c       0x68 zephyr/kernel/libkernel.a(sched.c.obj)
 .text.z_sched_start
                0x00000000000025c4       0x3c zephyr/kernel/libkernel.a(sched.c.obj)
                0x00000000000025c4                z_sched_start
 .text.z_move_thread_to_end_of_prio_q
                0x0000000000002600       0x8c zephyr/kernel/libkernel.a(sched.c.obj)
                0x0000000000002600                z_move_thread_to_end_of_prio_q
 .text.z_time_slice
                0x000000000000268c       0x6c zephyr/kernel/libkernel.a(sched.c.obj)
                0x000000000000268c                z_time_slice
 .text.z_impl_k_thread_suspend
                0x00000000000026f8       0x68 zephyr/kernel/libkernel.a(sched.c.obj)
                0x00000000000026f8                z_impl_k_thread_suspend
 .text.z_thread_single_abort
                0x0000000000002760       0xb8 zephyr/kernel/libkernel.a(sched.c.obj)
                0x0000000000002760                z_thread_single_abort
 .text.unready_thread
                0x0000000000002818       0x34 zephyr/kernel/libkernel.a(sched.c.obj)
 .text.z_tick_sleep.part.0
                0x000000000000284c       0x5c zephyr/kernel/libkernel.a(sched.c.obj)
 .text.pend     0x00000000000028a8       0x4c zephyr/kernel/libkernel.a(sched.c.obj)
 .text.z_pend_curr
                0x00000000000028f4       0x28 zephyr/kernel/libkernel.a(sched.c.obj)
                0x00000000000028f4                z_pend_curr
 .text.z_sched_init
                0x000000000000291c       0x18 zephyr/kernel/libkernel.a(sched.c.obj)
                0x000000000000291c                z_sched_init
 .text.z_impl_k_yield
                0x0000000000002934       0x9c zephyr/kernel/libkernel.a(sched.c.obj)
                0x0000000000002934                z_impl_k_yield
 .text.z_impl_k_sleep
                0x00000000000029d0       0x40 zephyr/kernel/libkernel.a(sched.c.obj)
                0x00000000000029d0                z_impl_k_sleep
 .text.z_impl_k_current_get
                0x0000000000002a10        0xc zephyr/kernel/libkernel.a(sched.c.obj)
                0x0000000000002a10                z_impl_k_current_get
 .text.z_impl_k_sem_give
                0x0000000000002a1c       0x40 zephyr/kernel/libkernel.a(sem.c.obj)
                0x0000000000002a1c                z_impl_k_sem_give
 .text.z_impl_k_sem_take
                0x0000000000002a5c       0x54 zephyr/kernel/libkernel.a(sem.c.obj)
                0x0000000000002a5c                z_impl_k_sem_take
 .text.z_setup_new_thread
                0x0000000000002ab0       0x4c zephyr/kernel/libkernel.a(thread.c.obj)
                0x0000000000002ab0                z_setup_new_thread
 .text.z_init_static_threads
                0x0000000000002afc       0xbc zephyr/kernel/libkernel.a(thread.c.obj)
                0x0000000000002afc                z_init_static_threads
 .text.elapsed  0x0000000000002bb8       0x14 zephyr/kernel/libkernel.a(timeout.c.obj)
 .text.remove_timeout
                0x0000000000002bcc       0x34 zephyr/kernel/libkernel.a(timeout.c.obj)
 .text.next_timeout
                0x0000000000002c00       0x34 zephyr/kernel/libkernel.a(timeout.c.obj)
 .text.z_add_timeout
                0x0000000000002c34      0x110 zephyr/kernel/libkernel.a(timeout.c.obj)
                0x0000000000002c34                z_add_timeout
 .text.z_clock_announce
                0x0000000000002d44       0xdc zephyr/kernel/libkernel.a(timeout.c.obj)
                0x0000000000002d44                z_clock_announce
 .text.z_tick_get
                0x0000000000002e20       0x34 zephyr/kernel/libkernel.a(timeout.c.obj)
                0x0000000000002e20                z_tick_get
 .text.statics_init
                0x0000000000002e54       0x24 zephyr/kernel/libkernel.a(kheap.c.obj)
 .text.disable_ds_1
                0x0000000000002e78        0xc app/libapp.a(main.c.obj)
 .text.device_set_power_state.constprop.0
                0x0000000000002e84       0x14 app/libapp.a(main.c.obj)
 .text.sys_notify_validate
                0x0000000000002e98       0x22 zephyr/libzephyr.a(notify.c.obj)
                0x0000000000002e98                sys_notify_validate
 .text.sys_notify_finalize
                0x0000000000002eba       0x1a zephyr/libzephyr.a(notify.c.obj)
                0x0000000000002eba                sys_notify_finalize
 .text.arch_printk_char_out
                0x0000000000002ed4        0x4 zephyr/libzephyr.a(printk.c.obj)
                0x0000000000002ed4                arch_printk_char_out
 .text.printk   0x0000000000002ed8       0x1a zephyr/libzephyr.a(printk.c.obj)
                0x0000000000002ed8                printk
 .text.process_recheck
                0x0000000000002ef2       0x38 zephyr/libzephyr.a(onoff.c.obj)
 .text.validate_args
                0x0000000000002f2a       0x1e zephyr/libzephyr.a(onoff.c.obj)
 .text.transition_complete
                0x0000000000002f48       0x1c zephyr/libzephyr.a(onoff.c.obj)
 .text.onoff_manager_init
                0x0000000000002f64       0x26 zephyr/libzephyr.a(onoff.c.obj)
                0x0000000000002f64                onoff_manager_init
 .text.onoff_request
                0x0000000000002f8a       0xa0 zephyr/libzephyr.a(onoff.c.obj)
                0x0000000000002f8a                onoff_request
 .text.z_thread_entry
                0x000000000000302a       0x14 zephyr/libzephyr.a(thread_entry.c.obj)
                0x000000000000302a                z_thread_entry
 .text.chunk_field
                0x000000000000303e       0x16 zephyr/libzephyr.a(heap.c.obj)
 .text.chunk_set
                0x0000000000003054       0x16 zephyr/libzephyr.a(heap.c.obj)
 .text.chunk_size
                0x000000000000306a        0xc zephyr/libzephyr.a(heap.c.obj)
 .text.set_chunk_used
                0x0000000000003076       0x30 zephyr/libzephyr.a(heap.c.obj)
 .text.set_chunk_size
                0x00000000000030a6        0x8 zephyr/libzephyr.a(heap.c.obj)
 .text.bucket_idx
                0x00000000000030ae       0x1a zephyr/libzephyr.a(heap.c.obj)
 .text.free_list_add
                0x00000000000030c8       0x8a zephyr/libzephyr.a(heap.c.obj)
 .text.sys_heap_init
                0x0000000000003152       0xa4 zephyr/libzephyr.a(heap.c.obj)
                0x0000000000003152                sys_heap_init
 .text._ConfigAbsSyms
                0x00000000000031f6        0x2 zephyr/libzephyr.a(configs.c.obj)
                0x00000000000031f6                _ConfigAbsSyms
 .text.sys_pm_init
                0x00000000000031f8        0xa zephyr/libzephyr.a(power.c.obj)
 .text.sys_pm_notify_power_state_entry
                0x0000000000003202        0x2 zephyr/libzephyr.a(power.c.obj)
                0x0000000000003202                sys_pm_notify_power_state_entry
 .text.sys_pm_notify_power_state_exit
                0x0000000000003204        0x2 zephyr/libzephyr.a(power.c.obj)
                0x0000000000003204                sys_pm_notify_power_state_exit
 .text.sys_pm_suspend_devices
                0x0000000000003206        0x6 zephyr/libzephyr.a(device.c.obj)
                0x0000000000003206                sys_pm_suspend_devices
 .text.sys_pm_low_power_devices
                0x000000000000320c        0x6 zephyr/libzephyr.a(device.c.obj)
                0x000000000000320c                sys_pm_low_power_devices
 .text.sys_pm_policy_next_state
                0x0000000000003212       0x1c zephyr/libzephyr.a(policy_residency.c.obj)
                0x0000000000003212                sys_pm_policy_next_state
 .text.sys_pm_policy_low_power_devices
                0x000000000000322e        0x4 zephyr/libzephyr.a(policy_residency.c.obj)
                0x000000000000322e                sys_pm_policy_low_power_devices
 .text.get_status
                0x0000000000003232       0x12 zephyr/libzephyr.a(nrf_power_clock.c.obj)
 .text.set_off_state
                0x0000000000003244       0x32 zephyr/libzephyr.a(nrf_power_clock.c.obj)
 .text.set_starting_state
                0x0000000000003276       0x3c zephyr/libzephyr.a(nrf_power_clock.c.obj)
 .text.set_on_state
                0x00000000000032b2       0x26 zephyr/libzephyr.a(nrf_power_clock.c.obj)
 .text.onoff_started_callback
                0x00000000000032d8       0x12 zephyr/libzephyr.a(nrf_power_clock.c.obj)
 .text.blocking_start_callback
                0x00000000000032ea        0x6 zephyr/libzephyr.a(nrf_power_clock.c.obj)
 .text.lfclk_spinwait
                0x00000000000032f0       0x1a zephyr/libzephyr.a(nrf_power_clock.c.obj)
 .text.api_stop
                0x000000000000330a       0x28 zephyr/libzephyr.a(nrf_power_clock.c.obj)
 .text.api_start
                0x0000000000003332       0x3c zephyr/libzephyr.a(nrf_power_clock.c.obj)
 .text.z_clock_device_ctrl
                0x000000000000336e        0x6 zephyr/libzephyr.a(sys_clock_init.c.obj)
                0x000000000000336e                z_clock_device_ctrl
 .text.z_clock_isr
                0x0000000000003374        0x2 zephyr/libzephyr.a(sys_clock_init.c.obj)
                0x0000000000003374                z_clock_isr
 .text.z_clock_idle_exit
                0x0000000000003376        0x2 zephyr/libzephyr.a(sys_clock_init.c.obj)
                0x0000000000003376                z_clock_idle_exit
 .text.SEGGER_RTT_Init
                0x0000000000003378        0x4 zephyr/libzephyr.a(SEGGER_RTT.c.obj)
                0x0000000000003378                SEGGER_RTT_Init
 .text.rtt_init
                0x000000000000337c        0xa zephyr/libzephyr.a(SEGGER_RTT_zephyr.c.obj)
 .text.z_irq_spurious
                0x0000000000003386        0x8 zephyr/arch/arch/arm/core/aarch32/libarch__arm__core__aarch32.a(irq_manage.c.obj)
                0x0000000000003386                z_irq_spurious
 .text.z_arm_fatal_error
                0x000000000000338e        0x4 zephyr/arch/arch/arm/core/aarch32/libarch__arm__core__aarch32.a(fatal.c.obj)
                0x000000000000338e                z_arm_fatal_error
 .text.z_do_kernel_oops
                0x0000000000003392        0x8 zephyr/arch/arch/arm/core/aarch32/libarch__arm__core__aarch32.a(fatal.c.obj)
                0x0000000000003392                z_do_kernel_oops
 .text.z_arm_nmi
                0x000000000000339a        0xe zephyr/arch/arch/arm/core/aarch32/libarch__arm__core__aarch32.a(nmi.c.obj)
                0x000000000000339a                z_arm_nmi
 .text.strcpy   0x00000000000033a8       0x14 zephyr/lib/libc/minimal/liblib__libc__minimal.a(string.c.obj)
                0x00000000000033a8                strcpy
 .text.strcmp   0x00000000000033bc       0x18 zephyr/lib/libc/minimal/liblib__libc__minimal.a(string.c.obj)
                0x00000000000033bc                strcmp
 .text.memcpy   0x00000000000033d4       0x56 zephyr/lib/libc/minimal/liblib__libc__minimal.a(string.c.obj)
                0x00000000000033d4                memcpy
 .text.memset   0x000000000000342a       0x46 zephyr/lib/libc/minimal/liblib__libc__minimal.a(string.c.obj)
                0x000000000000342a                memset
 .text._stdout_hook_default
                0x0000000000003470        0x6 zephyr/lib/libc/minimal/liblib__libc__minimal.a(stdout_console.c.obj)
 .text.z_platform_init
                0x0000000000003476        0x4 zephyr/soc/arm/nordic_nrf/nrf52/libsoc__arm__nordic_nrf__nrf52.a(soc.c.obj)
                0x0000000000003476                z_platform_init
 .text.sys_set_power_state
                0x000000000000347a       0x16 zephyr/soc/arm/nordic_nrf/nrf52/libsoc__arm__nordic_nrf__nrf52.a(power.c.obj)
                0x000000000000347a                sys_set_power_state
 .text._sys_pm_power_state_exit_post_ops
                0x0000000000003490        0xc zephyr/soc/arm/nordic_nrf/nrf52/libsoc__arm__nordic_nrf__nrf52.a(power.c.obj)
                0x0000000000003490                _sys_pm_power_state_exit_post_ops
 .text.gpio_nrfx_port_get_raw
                0x000000000000349c        0xe zephyr/drivers/gpio/libdrivers__gpio.a(gpio_nrfx.c.obj)
 .text.gpio_nrfx_port_set_masked_raw
                0x00000000000034aa       0x16 zephyr/drivers/gpio/libdrivers__gpio.a(gpio_nrfx.c.obj)
 .text.gpio_nrfx_port_set_bits_raw
                0x00000000000034c0        0xc zephyr/drivers/gpio/libdrivers__gpio.a(gpio_nrfx.c.obj)
 .text.gpio_nrfx_port_clear_bits_raw
                0x00000000000034cc        0xc zephyr/drivers/gpio/libdrivers__gpio.a(gpio_nrfx.c.obj)
 .text.gpio_nrfx_port_toggle_bits
                0x00000000000034d8       0x12 zephyr/drivers/gpio/libdrivers__gpio.a(gpio_nrfx.c.obj)
 .text.gpio_nrfx_manage_callback
                0x00000000000034ea       0x56 zephyr/drivers/gpio/libdrivers__gpio.a(gpio_nrfx.c.obj)
 .text.uart_nrfx_config_get
                0x0000000000003540       0x10 zephyr/drivers/serial/libdrivers__serial.a(uart_nrfx_uart.c.obj)
 .text.nrfx_busy_wait
                0x0000000000003550        0x4 modules/nordic/lib..__modules__hal__nordic.a(nrfx_glue.c.obj)
                0x0000000000003550                nrfx_busy_wait
 .text.device_pm_control_nop
                0x0000000000003554        0x6 zephyr/kernel/libkernel.a(device.c.obj)
                0x0000000000003554                device_pm_control_nop
 .text.arch_system_halt
                0x000000000000355a       0x12 zephyr/kernel/libkernel.a(fatal.c.obj)
                0x000000000000355a                arch_system_halt
 .text.k_sys_fatal_error_handler
                0x000000000000356c        0x6 zephyr/kernel/libkernel.a(fatal.c.obj)
                0x000000000000356c                k_sys_fatal_error_handler
 .text.z_fatal_error
                0x0000000000003572       0x36 zephyr/kernel/libkernel.a(fatal.c.obj)
                0x0000000000003572                z_fatal_error
 .text.z_sys_power_save_idle_exit
                0x00000000000035a8        0x4 zephyr/kernel/libkernel.a(idle.c.obj)
                0x00000000000035a8                z_sys_power_save_idle_exit
 .text.z_reschedule
                0x00000000000035ac       0x16 zephyr/kernel/libkernel.a(sched.c.obj)
                0x00000000000035ac                z_reschedule
 .text.z_reschedule_irqlock
                0x00000000000035c2       0x18 zephyr/kernel/libkernel.a(sched.c.obj)
                0x00000000000035c2                z_reschedule_irqlock
 .text.z_reschedule_unlocked
                0x00000000000035da       0x14 zephyr/kernel/libkernel.a(sched.c.obj)
 .text.z_priq_dumb_best
                0x00000000000035ee       0x14 zephyr/kernel/libkernel.a(sched.c.obj)
                0x00000000000035ee                z_priq_dumb_best
 .text.z_ready_thread
                0x0000000000003602       0x20 zephyr/kernel/libkernel.a(sched.c.obj)
                0x0000000000003602                z_ready_thread
 .text.z_thread_timeout
                0x0000000000003622       0x56 zephyr/kernel/libkernel.a(sched.c.obj)
                0x0000000000003622                z_thread_timeout
 .text.z_remove_thread_from_ready_q
                0x0000000000003678       0x20 zephyr/kernel/libkernel.a(sched.c.obj)
                0x0000000000003678                z_remove_thread_from_ready_q
 .text.add_to_waitq_locked
                0x0000000000003698       0x56 zephyr/kernel/libkernel.a(sched.c.obj)
 .text.z_unpend_first_thread
                0x00000000000036ee       0x5a zephyr/kernel/libkernel.a(sched.c.obj)
                0x00000000000036ee                z_unpend_first_thread
 .text.k_is_in_isr
                0x0000000000003748        0xc zephyr/kernel/libkernel.a(thread.c.obj)
                0x0000000000003748                k_is_in_isr
 .text.z_impl_k_busy_wait
                0x0000000000003754        0x4 zephyr/kernel/libkernel.a(thread.c.obj)
                0x0000000000003754                z_impl_k_busy_wait
 .text.z_abort_timeout
                0x0000000000003758       0x2c zephyr/kernel/libkernel.a(timeout.c.obj)
                0x0000000000003758                z_abort_timeout
 .text.z_get_next_timeout_expiry
                0x0000000000003784       0x20 zephyr/kernel/libkernel.a(timeout.c.obj)
                0x0000000000003784                z_get_next_timeout_expiry
 .text.z_set_timeout_expiry
                0x00000000000037a4       0x34 zephyr/kernel/libkernel.a(timeout.c.obj)
                0x00000000000037a4                z_set_timeout_expiry
 .text.z_tick_get_32
                0x00000000000037d8        0x8 zephyr/kernel/libkernel.a(timeout.c.obj)
                0x00000000000037d8                z_tick_get_32
 .text.k_heap_init
                0x00000000000037e0       0x10 zephyr/kernel/libkernel.a(kheap.c.obj)
                0x00000000000037e0                k_heap_init
 .text._OffsetAbsSyms
                0x00000000000037f0        0x2 zephyr/CMakeFiles/offsets.dir/./arch/arm/core/offsets/offsets.c.obj
                0x00000000000037f0                _OffsetAbsSyms
 *(SORT_BY_ALIGNMENT(.gnu.linkonce.t.*))
 *(SORT_BY_ALIGNMENT(.glue_7t))
 .glue_7t       0x00000000000037f2        0x0 linker stubs
 *(SORT_BY_ALIGNMENT(.glue_7))
 .glue_7        0x00000000000037f2        0x0 linker stubs
 *(SORT_BY_ALIGNMENT(.vfp11_veneer))
 .vfp11_veneer  0x00000000000037f2        0x0 linker stubs
 *(SORT_BY_ALIGNMENT(.v4_bx))
 .v4_bx         0x00000000000037f2        0x0 linker stubs
                0x00000000000037f2                _image_text_end = .

.ARM.exidx      0x00000000000037f4        0x8
                0x00000000000037f4                __exidx_start = .
 *(SORT_BY_ALIGNMENT(.ARM.exidx*) SORT_BY_ALIGNMENT(gnu.linkonce.armexidx.*))
 .ARM.exidx     0x00000000000037f4        0x8 /home/heerokbanerjee/zephyr-sdk-0.11.3/arm-zephyr-eabi/bin/../lib/gcc/arm-zephyr-eabi/9.2.0/thumb/v7e-m/nofp/libgcc.a(_udivmoddi4.o)
                0x00000000000037fc                __exidx_end = .
                0x00000000000037fc                _image_rodata_start = .

initlevel       0x00000000000037fc       0x58
                0x00000000000037fc                __init_start = .
                0x00000000000037fc                __init_PRE_KERNEL_1_start = .
 *(SORT_BY_NAME(SORT_BY_ALIGNMENT(.init_PRE_KERNEL_1[0-9])))
 .init_PRE_KERNEL_10
                0x00000000000037fc        0x8 zephyr/soc/arm/nordic_nrf/nrf52/libsoc__arm__nordic_nrf__nrf52.a(soc.c.obj)
 *(SORT_BY_NAME(SORT_BY_ALIGNMENT(.init_PRE_KERNEL_1[1-9][0-9])))
 .init_PRE_KERNEL_130
                0x0000000000003804        0x8 zephyr/libzephyr.a(SEGGER_RTT_zephyr.c.obj)
 .init_PRE_KERNEL_130
                0x000000000000380c        0x8 zephyr/kernel/libkernel.a(kheap.c.obj)
 .init_PRE_KERNEL_140
                0x0000000000003814        0x8 zephyr/arch/arch/arm/core/aarch32/cortex_m/mpu/libarch__arm__core__aarch32__cortex_m__mpu.a(arm_mpu.c.obj)
 .init_PRE_KERNEL_150
                0x000000000000381c        0x8 zephyr/libzephyr.a(nrf_power_clock.c.obj)
 .init_PRE_KERNEL_150
                0x0000000000003824        0x8 zephyr/drivers/serial/libdrivers__serial.a(uart_nrfx_uart.c.obj)
 .init_PRE_KERNEL_160
                0x000000000000382c        0x8 zephyr/libzephyr.a(uart_console.c.obj)
                0x0000000000003834                __init_PRE_KERNEL_2_start = .
 *(SORT_BY_NAME(SORT_BY_ALIGNMENT(.init_PRE_KERNEL_2[0-9])))
 .init_PRE_KERNEL_20
                0x0000000000003834        0x8 app/libapp.a(main.c.obj)
 .init_PRE_KERNEL_20
                0x000000000000383c        0x8 zephyr/libzephyr.a(sys_clock_init.c.obj)
 *(SORT_BY_NAME(SORT_BY_ALIGNMENT(.init_PRE_KERNEL_2[1-9][0-9])))
                0x0000000000003844                __init_POST_KERNEL_start = .
 *(SORT_BY_NAME(SORT_BY_ALIGNMENT(.init_POST_KERNEL[0-9])))
 *(SORT_BY_NAME(SORT_BY_ALIGNMENT(.init_POST_KERNEL[1-9][0-9])))
 .init_POST_KERNEL40
                0x0000000000003844        0x8 zephyr/drivers/gpio/libdrivers__gpio.a(gpio_nrfx.c.obj)
                0x000000000000384c                __init_APPLICATION_start = .
 *(SORT_BY_NAME(SORT_BY_ALIGNMENT(.init_APPLICATION[0-9])))
 *(SORT_BY_NAME(SORT_BY_ALIGNMENT(.init_APPLICATION[1-9][0-9])))
 .init_APPLICATION40
                0x000000000000384c        0x8 zephyr/libzephyr.a(power.c.obj)
                0x0000000000003854                __init_SMP_start = .
 *(SORT_BY_NAME(SORT_BY_ALIGNMENT(.init_SMP[0-9])))
 *(SORT_BY_NAME(SORT_BY_ALIGNMENT(.init_SMP[1-9][0-9])))
                0x0000000000003854                __init_end = .

sw_isr_table    0x0000000000003854      0x138
                0x0000000000003854                . = ALIGN (0x0)
 *(SORT_BY_ALIGNMENT(.gnu.linkonce.sw_isr_table))
 .gnu.linkonce.sw_isr_table
                0x0000000000003854      0x138 zephyr/CMakeFiles/zephyr_final.dir/isr_tables.c.obj
                0x0000000000003854                _sw_isr_table

initlevel_error
                0x00000000000037fc        0x0
 *(SORT_BY_NAME(SORT_BY_ALIGNMENT(.init_[_A-Z0-9]*)))
                0x0000000000000001                ASSERT ((SIZEOF (initlevel_error) == 0x0), Undefined initialization levels used.)

app_shmem_regions
                0x000000000000398c        0x0
                0x000000000000398c                __app_shmem_regions_start = .
 *(SORT_BY_NAME(SORT_BY_ALIGNMENT(.app_regions.*)))
                0x000000000000398c                __app_shmem_regions_end = .

bt_l2cap_fixed_chan_area
                0x000000000000398c        0x0
                0x000000000000398c                _bt_l2cap_fixed_chan_list_start = .
 *(SORT_BY_NAME(SORT_BY_ALIGNMENT(._bt_l2cap_fixed_chan.static.*)))
                0x000000000000398c                _bt_l2cap_fixed_chan_list_end = .

bt_gatt_service_static_area
                0x000000000000398c        0x0
                0x000000000000398c                _bt_gatt_service_static_list_start = .
 *(SORT_BY_NAME(SORT_BY_ALIGNMENT(._bt_gatt_service_static.static.*)))
                0x000000000000398c                _bt_gatt_service_static_list_end = .

log_const_sections
                0x000000000000398c        0x0
                0x000000000000398c                __log_const_start = .
 *(SORT_BY_NAME(SORT_BY_ALIGNMENT(.log_const_*)))
                0x000000000000398c                __log_const_end = .

log_backends_sections
                0x000000000000398c        0x0
                0x000000000000398c                __log_backends_start = .
 *(SORT_BY_ALIGNMENT(._log_backend.*))
                0x000000000000398c                __log_backends_end = .

shell_area      0x000000000000398c        0x0
                0x000000000000398c                _shell_list_start = .
 *(SORT_BY_NAME(SORT_BY_ALIGNMENT(._shell.static.*)))
                0x000000000000398c                _shell_list_end = .

shell_root_cmds_sections
                0x000000000000398c        0x0
                0x000000000000398c                __shell_root_cmds_start = .
 *(SORT_BY_NAME(SORT_BY_ALIGNMENT(.shell_root_cmd_*)))
                0x000000000000398c                __shell_root_cmds_end = .

font_entry_sections
                0x000000000000398c        0x0
                0x000000000000398c                __font_entry_start = .
 *(SORT_BY_NAME(SORT_BY_ALIGNMENT(._cfb_font.*)))
                0x000000000000398c                __font_entry_end = .

tracing_backend_area
                0x000000000000398c        0x0
                0x000000000000398c                _tracing_backend_list_start = .
 *(SORT_BY_NAME(SORT_BY_ALIGNMENT(._tracing_backend.static.*)))
                0x000000000000398c                _tracing_backend_list_end = .

rodata          0x0000000000003990      0x254
 *(SORT_BY_ALIGNMENT(.rodata))
 *(SORT_BY_ALIGNMENT(.rodata.*))
 .rodata.delay_machine_code.8782
                0x0000000000003990        0x6 zephyr/soc/arm/nordic_nrf/nrf52/libsoc__arm__nordic_nrf__nrf52.a(soc.c.obj)
 *fill*         0x0000000000003996        0x2 
 .rodata.core_devices
                0x0000000000003998        0xc zephyr/libzephyr.a(device.c.obj)
 .rodata.clock_control_api
                0x00000000000039a4       0x14 zephyr/libzephyr.a(nrf_power_clock.c.obj)
 .rodata.config
                0x00000000000039b8       0x10 zephyr/libzephyr.a(nrf_power_clock.c.obj)
 .rodata.transitions.10272
                0x00000000000039c8        0xc zephyr/libzephyr.a(nrf_power_clock.c.obj)
 .rodata.mpu_config
                0x00000000000039d4        0x8 zephyr/soc/arm/common/cortex_m/libsoc__arm__common__cortex_m.a(arm_mpu_regions.c.obj)
                0x00000000000039d4                mpu_config
 .rodata.mpu_regions
                0x00000000000039dc       0x18 zephyr/soc/arm/common/cortex_m/libsoc__arm__common__cortex_m.a(arm_mpu_regions.c.obj)
 .rodata.gpio_nrfx_drv_api_funcs
                0x00000000000039f4       0x24 zephyr/drivers/gpio/libdrivers__gpio.a(gpio_nrfx.c.obj)
 .rodata.gpio_nrfx_p0_cfg
                0x0000000000003a18        0xc zephyr/drivers/gpio/libdrivers__gpio.a(gpio_nrfx.c.obj)
 .rodata.uart_nrfx_uart_driver_api
                0x0000000000003a24       0x14 zephyr/drivers/serial/libdrivers__serial.a(uart_nrfx_uart.c.obj)
 .rodata.levels.8624
                0x0000000000003a38       0x14 zephyr/kernel/libkernel.a(device.c.obj)
 .rodata._k_neg_eagain
                0x0000000000003a4c        0x4 zephyr/kernel/libkernel.a(errno.c.obj)
                0x0000000000003a4c                _k_neg_eagain
 .rodata.main.str1.1
                0x0000000000003a50       0xca app/libapp.a(main.c.obj)
 .rodata.print_digits.str1.1
                0x0000000000003b1a       0x11 zephyr/libzephyr.a(printk.c.obj)
 .rodata.str1.1
                0x0000000000003b2b       0x33 zephyr/libzephyr.a(device.c.obj)
                                         0x42 (size before relaxing)
 .rodata.uart_console_init.str1.1
                0x0000000000003b5e        0x7 zephyr/libzephyr.a(uart_console.c.obj)
 .rodata.str1.1
                0x0000000000003b5e        0x6 zephyr/libzephyr.a(nrf_power_clock.c.obj)
 .rodata.str1.1
                0x0000000000003b5e        0xa zephyr/libzephyr.a(sys_clock_init.c.obj)
 .rodata._DoInit.str1.1
                0x0000000000003b5e       0x14 zephyr/libzephyr.a(SEGGER_RTT.c.obj)
 .rodata.str1.1
                0x0000000000003b72        0xf zephyr/soc/arm/common/cortex_m/libsoc__arm__common__cortex_m.a(arm_mpu_regions.c.obj)
 .rodata.str1.1
                0x0000000000003b81        0x7 zephyr/drivers/gpio/libdrivers__gpio.a(gpio_nrfx.c.obj)
 .rodata.str1.1
                0x0000000000003b88        0x7 zephyr/drivers/serial/libdrivers__serial.a(uart_nrfx_uart.c.obj)
 .rodata.CSWTCH.14
                0x0000000000003b88        0x4 modules/nordic/lib..__modules__hal__nordic.a(system_nrf52.c.obj)
 .rodata.CSWTCH.18
                0x0000000000003b8c        0x4 modules/nordic/lib..__modules__hal__nordic.a(system_nrf52.c.obj)
 .rodata.CSWTCH.4
                0x0000000000003b90        0x4 modules/nordic/lib..__modules__hal__nordic.a(system_nrf52.c.obj)
 .rodata.bg_thread_main.str1.1
                0x0000000000003b94       0x48 zephyr/kernel/libkernel.a(init.c.obj)
                                         0x49 (size before relaxing)
 .rodata.z_cstart.str1.1
                0x0000000000003bdc        0x5 zephyr/kernel/libkernel.a(init.c.obj)
 *(SORT_BY_ALIGNMENT(.gnu.linkonce.r.*))
                0x0000000000003be4                . = ALIGN (0x4)
 *fill*         0x0000000000003be1        0x3 
                0x0000000000003be4                _image_rodata_end = .
                0x0000000000003c00                . = ALIGN (_region_min_align)
                0x0000000000004000                . = ALIGN ((0x1 << LOG2CEIL ((_image_rodata_end - _image_rom_start))))
                0x0000000000004000                _image_rom_end = .
                0x0000000020000000                . = 0x20000000
                0x0000000020000000                . = ALIGN (_region_min_align)
                0x0000000020000000                _image_ram_start = .

.ramfunc        0x0000000020000000        0x0 load address 0x0000000000003be4
                0x0000000020000000                . = ALIGN (_region_min_align)
                0x0000000020000000                . = ALIGN ((0x1 << LOG2CEIL (_ramfunc_ram_size)))
                0x0000000020000000                _ramfunc_ram_start = .
 *(SORT_BY_ALIGNMENT(.ramfunc))
 *(SORT_BY_ALIGNMENT(.ramfunc.*))
                0x0000000020000000                . = ALIGN (_region_min_align)
                0x0000000020000000                . = ALIGN ((0x1 << LOG2CEIL (_ramfunc_ram_size)))
                0x0000000020000000                _ramfunc_ram_end = .
                0x0000000000000000                _ramfunc_ram_size = (_ramfunc_ram_end - _ramfunc_ram_start)
                0x0000000000003be4                _ramfunc_rom_start = LOADADDR (.ramfunc)

datas           0x0000000020000000      0x165 load address 0x0000000000003be4
                0x0000000020000000                __data_ram_start = .
 *(SORT_BY_ALIGNMENT(.data))
 *(SORT_BY_ALIGNMENT(.data.*))
 .data._char_out
                0x0000000020000000        0x4 zephyr/libzephyr.a(printk.c.obj)
                0x0000000020000000                _char_out
 .data.post_ops_done
                0x0000000020000004        0x4 zephyr/libzephyr.a(power.c.obj)
 .data.__pm_clock_nrf
                0x0000000020000008       0x50 zephyr/libzephyr.a(nrf_power_clock.c.obj)
 .data.__pm_sys_init_z_clock_driver_init0
                0x0000000020000058       0x50 zephyr/libzephyr.a(sys_clock_init.c.obj)
 .data._stdout_hook
                0x00000000200000a8        0x4 zephyr/lib/libc/minimal/liblib__libc__minimal.a(stdout_console.c.obj)
 .data.__pm_gpio_nrfx_p0
                0x00000000200000ac       0x50 zephyr/drivers/gpio/libdrivers__gpio.a(gpio_nrfx.c.obj)
 .data.__pm_uart_nrfx_uart0
                0x00000000200000fc       0x50 zephyr/drivers/serial/libdrivers__serial.a(uart_nrfx_uart.c.obj)
 .data.current_state.9608
                0x000000002000014c        0x4 zephyr/drivers/serial/libdrivers__serial.a(uart_nrfx_uart.c.obj)
 .data.uart_nrfx_uart0_data
                0x0000000020000150        0x8 zephyr/drivers/serial/libdrivers__serial.a(uart_nrfx_uart.c.obj)
 .data.SystemCoreClock
                0x0000000020000158        0x4 modules/nordic/lib..__modules__hal__nordic.a(system_nrf52.c.obj)
                0x0000000020000158                SystemCoreClock
 .data.timeout_list
                0x000000002000015c        0x8 zephyr/kernel/libkernel.a(timeout.c.obj)
 .data.forced_pm_state
                0x0000000020000164        0x1 zephyr/libzephyr.a(power.c.obj)
 *(SORT_BY_ALIGNMENT(.kernel.*))
                0x0000000000003be4                __data_rom_start = LOADADDR (datas)

devices         0x0000000020000168       0x64 load address 0x0000000000003d4c
                0x0000000020000168                __device_start = .
                0x0000000020000168                __device_PRE_KERNEL_1_start = .
 *(SORT_BY_NAME(SORT_BY_ALIGNMENT(.device_PRE_KERNEL_1[0-9])))
 *(SORT_BY_NAME(SORT_BY_ALIGNMENT(.device_PRE_KERNEL_1[1-9][0-9])))
 .device_PRE_KERNEL_150
                0x0000000020000168       0x18 zephyr/libzephyr.a(nrf_power_clock.c.obj)
 .device_PRE_KERNEL_150
                0x0000000020000180       0x18 zephyr/drivers/serial/libdrivers__serial.a(uart_nrfx_uart.c.obj)
                0x0000000020000198                __device_PRE_KERNEL_2_start = .
 *(SORT_BY_NAME(SORT_BY_ALIGNMENT(.device_PRE_KERNEL_2[0-9])))
 .device_PRE_KERNEL_20
                0x0000000020000198       0x18 zephyr/libzephyr.a(sys_clock_init.c.obj)
 *(SORT_BY_NAME(SORT_BY_ALIGNMENT(.device_PRE_KERNEL_2[1-9][0-9])))
                0x00000000200001b0                __device_POST_KERNEL_start = .
 *(SORT_BY_NAME(SORT_BY_ALIGNMENT(.device_POST_KERNEL[0-9])))
 *(SORT_BY_NAME(SORT_BY_ALIGNMENT(.device_POST_KERNEL[1-9][0-9])))
 .device_POST_KERNEL40
                0x00000000200001b0       0x18 zephyr/drivers/gpio/libdrivers__gpio.a(gpio_nrfx.c.obj)
                0x00000000200001c8                __device_APPLICATION_start = .
 *(SORT_BY_NAME(SORT_BY_ALIGNMENT(.device_APPLICATION[0-9])))
 *(SORT_BY_NAME(SORT_BY_ALIGNMENT(.device_APPLICATION[1-9][0-9])))
                0x00000000200001c8                __device_SMP_start = .
 *(SORT_BY_NAME(SORT_BY_ALIGNMENT(.device_SMP[0-9])))
 *(SORT_BY_NAME(SORT_BY_ALIGNMENT(.device_SMP[1-9][0-9])))
                0x00000000200001c8                __device_end = .
 FILL mask 0x00
                0x00000000200001c8                __device_busy_start = .
                0x00000000200001cc                . = (. + (((((__device_end - __device_start) / 0x18) + 0x1f) / 0x20) * 0x4))
 *fill*         0x00000000200001c8        0x4 00
                0x00000000200001cc                __device_busy_end = .

initshell       0x00000000200001cc        0x0 load address 0x0000000000003db0
                0x00000000200001cc                __shell_module_start = .
 *(SORT_BY_ALIGNMENT(.shell_module_*))
                0x00000000200001cc                __shell_module_end = .
                0x00000000200001cc                __shell_cmd_start = .
 *(SORT_BY_ALIGNMENT(.shell_cmd_*))
                0x00000000200001cc                __shell_cmd_end = .

log_dynamic_sections
                0x00000000200001cc        0x0 load address 0x0000000000003db0
                0x00000000200001cc                __log_dynamic_start = .
 *(SORT_BY_NAME(SORT_BY_ALIGNMENT(.log_dynamic_*)))
                0x00000000200001cc                __log_dynamic_end = .

_static_thread_data_area
                0x00000000200001cc        0x0 load address 0x0000000000003db0
                0x00000000200001cc                __static_thread_data_list_start = .
 *(SORT_BY_NAME(SORT_BY_ALIGNMENT(.__static_thread_data.static.*)))
                0x00000000200001cc                __static_thread_data_list_end = .

k_timer_area    0x00000000200001cc        0x0 load address 0x0000000000003db0
                0x00000000200001cc                _k_timer_list_start = .
 *(SORT_BY_NAME(SORT_BY_ALIGNMENT(._k_timer.static.*)))
                0x00000000200001cc                _k_timer_list_end = .

k_mem_slab_area
                0x00000000200001cc        0x0 load address 0x0000000000003db0
                0x00000000200001cc                _k_mem_slab_list_start = .
 *(SORT_BY_NAME(SORT_BY_ALIGNMENT(._k_mem_slab.static.*)))
                0x00000000200001cc                _k_mem_slab_list_end = .

k_mem_pool_area
                0x00000000200001cc        0x0 load address 0x0000000000003db0
                0x00000000200001cc                _k_mem_pool_list_start = .
 *(SORT_BY_NAME(SORT_BY_ALIGNMENT(._k_mem_pool.static.*)))
                0x00000000200001cc                _k_mem_pool_list_end = .

k_heap_area     0x00000000200001cc        0x0 load address 0x0000000000003db0
                0x00000000200001cc                _k_heap_list_start = .
 *(SORT_BY_NAME(SORT_BY_ALIGNMENT(._k_heap.static.*)))
                0x00000000200001cc                _k_heap_list_end = .

k_mutex_area    0x00000000200001cc       0x28 load address 0x0000000000003db0
                0x00000000200001cc                _k_mutex_list_start = .
 *(SORT_BY_NAME(SORT_BY_ALIGNMENT(._k_mutex.static.*)))
 ._k_mutex.static.fdtable_lock
                0x00000000200001cc       0x14 zephyr/libzephyr.a(fdtable.c.obj)
 ._k_mutex.static.rtt_term_mutex
                0x00000000200001e0       0x14 zephyr/libzephyr.a(SEGGER_RTT_zephyr.c.obj)
                0x00000000200001e0                rtt_term_mutex
                0x00000000200001f4                _k_mutex_list_end = .

k_stack_area    0x00000000200001f4        0x0 load address 0x0000000000003dd8
                0x00000000200001f4                _k_stack_list_start = .
 *(SORT_BY_NAME(SORT_BY_ALIGNMENT(._k_stack.static.*)))
                0x00000000200001f4                _k_stack_list_end = .

k_msgq_area     0x00000000200001f4        0x0 load address 0x0000000000003dd8
                0x00000000200001f4                _k_msgq_list_start = .
 *(SORT_BY_NAME(SORT_BY_ALIGNMENT(._k_msgq.static.*)))
                0x00000000200001f4                _k_msgq_list_end = .

k_mbox_area     0x00000000200001f4        0x0 load address 0x0000000000003dd8
                0x00000000200001f4                _k_mbox_list_start = .
 *(SORT_BY_NAME(SORT_BY_ALIGNMENT(._k_mbox.static.*)))
                0x00000000200001f4                _k_mbox_list_end = .

k_pipe_area     0x00000000200001f4        0x0 load address 0x0000000000003dd8
                0x00000000200001f4                _k_pipe_list_start = .
 *(SORT_BY_NAME(SORT_BY_ALIGNMENT(._k_pipe.static.*)))
                0x00000000200001f4                _k_pipe_list_end = .

k_sem_area      0x00000000200001f4        0x0 load address 0x0000000000003dd8
                0x00000000200001f4                _k_sem_list_start = .
 *(SORT_BY_NAME(SORT_BY_ALIGNMENT(._k_sem.static.*)))
                0x00000000200001f4                _k_sem_list_end = .

k_queue_area    0x00000000200001f4        0x0 load address 0x0000000000003dd8
                0x00000000200001f4                _k_queue_list_start = .
 *(SORT_BY_NAME(SORT_BY_ALIGNMENT(._k_queue.static.*)))
                0x00000000200001f4                _k_queue_list_end = .

_net_buf_pool_area
                0x00000000200001f4        0x0 load address 0x0000000000003dd8
                0x00000000200001f4                _net_buf_pool_list = .
 *(SORT_BY_NAME(SORT_BY_ALIGNMENT(._net_buf_pool.static.*)))
                0x00000000200001f4                __data_ram_end = .

bss             0x00000000200001f8      0x6c4
                0x00000000200001f8                . = ALIGN (0x4)
                0x00000000200001f8                __bss_start = .
                0x00000000200001f8                __kernel_ram_start = .
 *(SORT_BY_ALIGNMENT(.bss))
 *(SORT_BY_ALIGNMENT(.bss.*))
 .bss.z_idle_threads
                0x00000000200001f8       0x80 zephyr/kernel/libkernel.a(init.c.obj)
                0x00000000200001f8                z_idle_threads
 .bss.z_main_thread
                0x0000000020000278       0x80 zephyr/kernel/libkernel.a(init.c.obj)
                0x0000000020000278                z_main_thread
 .bss.curr_tick
                0x00000000200002f8        0x8 zephyr/kernel/libkernel.a(timeout.c.obj)
 .bss.all_devices
                0x0000000020000300        0x4 zephyr/libzephyr.a(device.c.obj)
 .bss.power_state_disable_count
                0x0000000020000304        0x4 zephyr/libzephyr.a(pm_ctrl.c.obj)
 .bss.uart_console_dev
                0x0000000020000308        0x4 zephyr/libzephyr.a(uart_console.c.obj)
 .bss.cli.10258
                0x000000002000030c       0x10 zephyr/libzephyr.a(nrf_power_clock.c.obj)
 .bss.data      0x000000002000031c       0x50 zephyr/libzephyr.a(nrf_power_clock.c.obj)
 .bss.hfclk_users
                0x000000002000036c        0x4 zephyr/libzephyr.a(nrf_power_clock.c.obj)
 .bss.on.10257  0x0000000020000370        0x4 zephyr/libzephyr.a(nrf_power_clock.c.obj)
 .bss.last_count
                0x0000000020000374        0x4 zephyr/libzephyr.a(nrf_rtc_timer.c.obj)
 .bss._SEGGER_RTT
                0x0000000020000378       0xa8 zephyr/libzephyr.a(SEGGER_RTT.c.obj)
                0x0000000020000378                _SEGGER_RTT
 .bss.gpio_nrfx_p0_data
                0x0000000020000420       0x1c zephyr/drivers/gpio/libdrivers__gpio.a(gpio_nrfx.c.obj)
 .bss.gpiote_alloc_mask
                0x000000002000043c        0x4 zephyr/drivers/gpio/libdrivers__gpio.a(gpio_nrfx.c.obj)
 .bss.poll_out_lock.9554
                0x0000000020000440        0x4 zephyr/drivers/serial/libdrivers__serial.a(uart_nrfx_uart.c.obj)
 .bss._kernel   0x0000000020000444       0x30 zephyr/kernel/libkernel.a(sched.c.obj)
                0x0000000020000444                _kernel
 .bss.pending_current
                0x0000000020000474        0x4 zephyr/kernel/libkernel.a(sched.c.obj)
 .bss.slice_max_prio
                0x0000000020000478        0x4 zephyr/kernel/libkernel.a(sched.c.obj)
 .bss.slice_time
                0x000000002000047c        0x4 zephyr/kernel/libkernel.a(sched.c.obj)
 .bss.announce_remaining
                0x0000000020000480        0x4 zephyr/kernel/libkernel.a(timeout.c.obj)
 .bss.num_pm    0x0000000020000484        0x2 zephyr/libzephyr.a(device.c.obj)
 .bss.num_susp  0x0000000020000486        0x2 zephyr/libzephyr.a(device.c.obj)
 .bss.pm_devices
                0x0000000020000488       0x1e zephyr/libzephyr.a(device.c.obj)
 .bss.pm_state  0x00000000200004a6        0x1 zephyr/libzephyr.a(power.c.obj)
 .bss.once.10150
                0x00000000200004a7        0x1 zephyr/libzephyr.a(nrf_power_clock.c.obj)
 .bss._acDownBuffer
                0x00000000200004a8       0x10 zephyr/libzephyr.a(SEGGER_RTT.c.obj)
 .bss._acUpBuffer
                0x00000000200004b8      0x400 zephyr/libzephyr.a(SEGGER_RTT.c.obj)
 .bss.static_regions_num
                0x00000000200008b8        0x1 zephyr/arch/arch/arm/core/aarch32/cortex_m/mpu/libarch__arm__core__aarch32__cortex_m__mpu.a(arm_mpu.c.obj)
 .bss.gpio_initialized.9559
                0x00000000200008b9        0x1 zephyr/drivers/gpio/libdrivers__gpio.a(gpio_nrfx.c.obj)
 .bss.sys_pm_idle_exit_notify
                0x00000000200008ba        0x1 zephyr/kernel/libkernel.a(idle.c.obj)
                0x00000000200008ba                sys_pm_idle_exit_notify
 .bss.z_sys_post_kernel
                0x00000000200008bb        0x1 zephyr/kernel/libkernel.a(init.c.obj)
                0x00000000200008bb                z_sys_post_kernel
 .bss.sched_spinlock
                0x00000000200008bc        0x0 zephyr/kernel/libkernel.a(sched.c.obj)
 .bss.lock      0x00000000200008bc        0x0 zephyr/kernel/libkernel.a(sem.c.obj)
 *(SORT_BY_ALIGNMENT(COMMON))
 *(SORT_BY_ALIGNMENT(.kernel_bss.*))
                0x00000000200008bc                __bss_end = ALIGN (0x4)

noinit          0x00000000200008c0      0xd40
 *(SORT_BY_ALIGNMENT(.noinit))
 *(SORT_BY_ALIGNMENT(.noinit.*))
 .noinit."WEST_TOPDIR/zephyr/kernel/init.c".2
                0x00000000200008c0      0x400 zephyr/kernel/libkernel.a(init.c.obj)
                0x00000000200008c0                z_main_stack
 .noinit."WEST_TOPDIR/zephyr/kernel/init.c".3
                0x0000000020000cc0      0x140 zephyr/kernel/libkernel.a(init.c.obj)
 .noinit."WEST_TOPDIR/zephyr/kernel/init.c".4
                0x0000000020000e00      0x800 zephyr/kernel/libkernel.a(init.c.obj)
                0x0000000020000e00                z_interrupt_stacks
 *(SORT_BY_ALIGNMENT(.kernel_noinit.*))
                0x0000000020001600                _image_ram_end = .
                0x0000000020001600                _end = .
                0x0000000020010000                __kernel_ram_end = 0x20010000
                0x000000000000fe08                __kernel_ram_size = (__kernel_ram_end - __kernel_ram_start)

.stab
 *(SORT_BY_ALIGNMENT(.stab))

.stabstr
 *(SORT_BY_ALIGNMENT(.stabstr))

.stab.excl
 *(SORT_BY_ALIGNMENT(.stab.excl))

.stab.exclstr
 *(SORT_BY_ALIGNMENT(.stab.exclstr))

.stab.index
 *(SORT_BY_ALIGNMENT(.stab.index))

.stab.indexstr
 *(SORT_BY_ALIGNMENT(.stab.indexstr))

.gnu.build.attributes
 *(SORT_BY_ALIGNMENT(.gnu.build.attributes) SORT_BY_ALIGNMENT(.gnu.build.attributes.*))

.comment        0x0000000000000000       0x32
 *(SORT_BY_ALIGNMENT(.comment))
 .comment       0x0000000000000000       0x32 zephyr/CMakeFiles/zephyr_final.dir/isr_tables.c.obj
                                         0x33 (size before relaxing)
 .comment       0x0000000000000032       0x33 app/libapp.a(main.c.obj)
 .comment       0x0000000000000032       0x33 zephyr/libzephyr.a(fdtable.c.obj)
 .comment       0x0000000000000032       0x33 zephyr/libzephyr.a(notify.c.obj)
 .comment       0x0000000000000032       0x33 zephyr/libzephyr.a(printk.c.obj)
 .comment       0x0000000000000032       0x33 zephyr/libzephyr.a(onoff.c.obj)
 .comment       0x0000000000000032       0x33 zephyr/libzephyr.a(thread_entry.c.obj)
 .comment       0x0000000000000032       0x33 zephyr/libzephyr.a(heap.c.obj)
 .comment       0x0000000000000032       0x33 zephyr/libzephyr.a(configs.c.obj)
 .comment       0x0000000000000032       0x33 zephyr/libzephyr.a(power.c.obj)
 .comment       0x0000000000000032       0x33 zephyr/libzephyr.a(device.c.obj)
 .comment       0x0000000000000032       0x33 zephyr/libzephyr.a(pm_ctrl.c.obj)
 .comment       0x0000000000000032       0x33 zephyr/libzephyr.a(policy_residency.c.obj)
 .comment       0x0000000000000032       0x33 zephyr/libzephyr.a(uart_console.c.obj)
 .comment       0x0000000000000032       0x33 zephyr/libzephyr.a(nrf_power_clock.c.obj)
 .comment       0x0000000000000032       0x33 zephyr/libzephyr.a(sys_clock_init.c.obj)
 .comment       0x0000000000000032       0x33 zephyr/libzephyr.a(nrf_rtc_timer.c.obj)
 .comment       0x0000000000000032       0x33 zephyr/libzephyr.a(SEGGER_RTT.c.obj)
 .comment       0x0000000000000032       0x33 zephyr/libzephyr.a(SEGGER_RTT_zephyr.c.obj)
 .comment       0x0000000000000032       0x33 zephyr/arch/common/libarch__common.a(isr_tables.c.obj)
 .comment       0x0000000000000032       0x33 zephyr/arch/arch/arm/core/aarch32/libarch__arm__core__aarch32.a(swap.c.obj)
 .comment       0x0000000000000032       0x33 zephyr/arch/arch/arm/core/aarch32/libarch__arm__core__aarch32.a(irq_manage.c.obj)
 .comment       0x0000000000000032       0x33 zephyr/arch/arch/arm/core/aarch32/libarch__arm__core__aarch32.a(thread.c.obj)
 .comment       0x0000000000000032       0x33 zephyr/arch/arch/arm/core/aarch32/libarch__arm__core__aarch32.a(fatal.c.obj)
 .comment       0x0000000000000032       0x33 zephyr/arch/arch/arm/core/aarch32/libarch__arm__core__aarch32.a(nmi.c.obj)
 .comment       0x0000000000000032       0x33 zephyr/arch/arch/arm/core/aarch32/libarch__arm__core__aarch32.a(prep_c.c.obj)
 .comment       0x0000000000000032       0x33 zephyr/arch/arch/arm/core/aarch32/cortex_m/libarch__arm__core__aarch32__cortex_m.a(fault.c.obj)
 .comment       0x0000000000000032       0x33 zephyr/arch/arch/arm/core/aarch32/cortex_m/libarch__arm__core__aarch32__cortex_m.a(irq_init.c.obj)
 .comment       0x0000000000000032       0x33 zephyr/arch/arch/arm/core/aarch32/cortex_m/libarch__arm__core__aarch32__cortex_m.a(thread_abort.c.obj)
 .comment       0x0000000000000032       0x33 zephyr/arch/arch/arm/core/aarch32/cortex_m/mpu/libarch__arm__core__aarch32__cortex_m__mpu.a(arm_core_mpu.c.obj)
 .comment       0x0000000000000032       0x33 zephyr/arch/arch/arm/core/aarch32/cortex_m/mpu/libarch__arm__core__aarch32__cortex_m__mpu.a(arm_mpu.c.obj)
 .comment       0x0000000000000032       0x33 zephyr/lib/libc/minimal/liblib__libc__minimal.a(string.c.obj)
 .comment       0x0000000000000032       0x33 zephyr/lib/libc/minimal/liblib__libc__minimal.a(stdout_console.c.obj)
 .comment       0x0000000000000032       0x33 zephyr/soc/arm/common/cortex_m/libsoc__arm__common__cortex_m.a(arm_mpu_regions.c.obj)
 .comment       0x0000000000000032       0x33 zephyr/soc/arm/nordic_nrf/nrf52/libsoc__arm__nordic_nrf__nrf52.a(soc.c.obj)
 .comment       0x0000000000000032       0x33 zephyr/soc/arm/nordic_nrf/nrf52/libsoc__arm__nordic_nrf__nrf52.a(power.c.obj)
 .comment       0x0000000000000032       0x33 zephyr/drivers/gpio/libdrivers__gpio.a(gpio_nrfx.c.obj)
 .comment       0x0000000000000032       0x33 zephyr/drivers/serial/libdrivers__serial.a(uart_nrfx_uart.c.obj)
 .comment       0x0000000000000032       0x33 modules/nordic/lib..__modules__hal__nordic.a(system_nrf52.c.obj)
 .comment       0x0000000000000032       0x33 modules/nordic/lib..__modules__hal__nordic.a(nrfx_glue.c.obj)
 .comment       0x0000000000000032       0x33 zephyr/kernel/libkernel.a(device.c.obj)
 .comment       0x0000000000000032       0x33 zephyr/kernel/libkernel.a(errno.c.obj)
 .comment       0x0000000000000032       0x33 zephyr/kernel/libkernel.a(fatal.c.obj)
 .comment       0x0000000000000032       0x33 zephyr/kernel/libkernel.a(idle.c.obj)
 .comment       0x0000000000000032       0x33 zephyr/kernel/libkernel.a(init.c.obj)
 .comment       0x0000000000000032       0x33 zephyr/kernel/libkernel.a(sched.c.obj)
 .comment       0x0000000000000032       0x33 zephyr/kernel/libkernel.a(sem.c.obj)
 .comment       0x0000000000000032       0x33 zephyr/kernel/libkernel.a(thread.c.obj)
 .comment       0x0000000000000032       0x33 zephyr/kernel/libkernel.a(timeout.c.obj)
 .comment       0x0000000000000032       0x33 zephyr/kernel/libkernel.a(kheap.c.obj)
 .comment       0x0000000000000032       0x33 zephyr/CMakeFiles/offsets.dir/./arch/arm/core/offsets/offsets.c.obj

.debug
 *(SORT_BY_ALIGNMENT(.debug))

.line
 *(SORT_BY_ALIGNMENT(.line))

.debug_srcinfo
 *(SORT_BY_ALIGNMENT(.debug_srcinfo))

.debug_sfnames
 *(SORT_BY_ALIGNMENT(.debug_sfnames))

.debug_aranges  0x0000000000000000     0x1060
 *(SORT_BY_ALIGNMENT(.debug_aranges))
 .debug_aranges
                0x0000000000000000       0x28 zephyr/arch/arch/arm/core/aarch32/libarch__arm__core__aarch32.a(swap_helper.S.obj)
 .debug_aranges
                0x0000000000000028       0x30 zephyr/arch/arch/arm/core/aarch32/libarch__arm__core__aarch32.a(cpu_idle.S.obj)
 .debug_aranges
                0x0000000000000058       0x20 zephyr/arch/arch/arm/core/aarch32/libarch__arm__core__aarch32.a(nmi_on_reset.S.obj)
 .debug_aranges
                0x0000000000000078       0x20 zephyr/arch/arch/arm/core/aarch32/libarch__arm__core__aarch32.a(isr_wrapper.S.obj)
 .debug_aranges
                0x0000000000000098       0x20 zephyr/arch/arch/arm/core/aarch32/cortex_m/libarch__arm__core__aarch32__cortex_m.a(reset.S.obj)
 .debug_aranges
                0x00000000000000b8       0x20 zephyr/arch/arch/arm/core/aarch32/cortex_m/libarch__arm__core__aarch32__cortex_m.a(fault_s.S.obj)
 .debug_aranges
                0x00000000000000d8       0x20 zephyr/arch/arch/arm/core/aarch32/cortex_m/libarch__arm__core__aarch32__cortex_m.a(exc_exit.S.obj)
 .debug_aranges
                0x00000000000000f8       0x18 zephyr/CMakeFiles/zephyr_final.dir/isr_tables.c.obj
 .debug_aranges
                0x0000000000000110       0x30 app/libapp.a(main.c.obj)
 .debug_aranges
                0x0000000000000140       0x50 zephyr/libzephyr.a(fdtable.c.obj)
 .debug_aranges
                0x0000000000000190       0x28 zephyr/libzephyr.a(notify.c.obj)
 .debug_aranges
                0x00000000000001b8       0x78 zephyr/libzephyr.a(printk.c.obj)
 .debug_aranges
                0x0000000000000230       0x70 zephyr/libzephyr.a(onoff.c.obj)
 .debug_aranges
                0x00000000000002a0       0x20 zephyr/libzephyr.a(thread_entry.c.obj)
 .debug_aranges
                0x00000000000002c0       0x98 zephyr/libzephyr.a(heap.c.obj)
 .debug_aranges
                0x0000000000000358       0x20 zephyr/libzephyr.a(configs.c.obj)
 .debug_aranges
                0x0000000000000378       0x48 zephyr/libzephyr.a(power.c.obj)
 .debug_aranges
                0x00000000000003c0       0x50 zephyr/libzephyr.a(device.c.obj)
 .debug_aranges
                0x0000000000000410       0x30 zephyr/libzephyr.a(pm_ctrl.c.obj)
 .debug_aranges
                0x0000000000000440       0x28 zephyr/libzephyr.a(policy_residency.c.obj)
 .debug_aranges
                0x0000000000000468       0x28 zephyr/libzephyr.a(uart_console.c.obj)
 .debug_aranges
                0x0000000000000490       0xd0 zephyr/libzephyr.a(nrf_power_clock.c.obj)
 .debug_aranges
                0x0000000000000560       0x40 zephyr/libzephyr.a(sys_clock_init.c.obj)
 .debug_aranges
                0x00000000000005a0       0x50 zephyr/libzephyr.a(nrf_rtc_timer.c.obj)
 .debug_aranges
                0x00000000000005f0      0x120 zephyr/libzephyr.a(SEGGER_RTT.c.obj)
 .debug_aranges
                0x0000000000000710       0x20 zephyr/libzephyr.a(SEGGER_RTT_zephyr.c.obj)
 .debug_aranges
                0x0000000000000730       0x18 zephyr/arch/common/libarch__common.a(isr_tables.c.obj)
 .debug_aranges
                0x0000000000000748       0x20 zephyr/arch/arch/arm/core/aarch32/libarch__arm__core__aarch32.a(swap.c.obj)
 .debug_aranges
                0x0000000000000768       0x48 zephyr/arch/arch/arm/core/aarch32/libarch__arm__core__aarch32.a(irq_manage.c.obj)
 .debug_aranges
                0x00000000000007b0       0x28 zephyr/arch/arch/arm/core/aarch32/libarch__arm__core__aarch32.a(thread.c.obj)
 .debug_aranges
                0x00000000000007d8       0x30 zephyr/arch/arch/arm/core/aarch32/libarch__arm__core__aarch32.a(fatal.c.obj)
 .debug_aranges
                0x0000000000000808       0x20 zephyr/arch/arch/arm/core/aarch32/libarch__arm__core__aarch32.a(nmi.c.obj)
 .debug_aranges
                0x0000000000000828       0x20 zephyr/arch/arch/arm/core/aarch32/libarch__arm__core__aarch32.a(prep_c.c.obj)
 .debug_aranges
                0x0000000000000848       0x40 zephyr/arch/arch/arm/core/aarch32/cortex_m/libarch__arm__core__aarch32__cortex_m.a(fault.c.obj)
 .debug_aranges
                0x0000000000000888       0x20 zephyr/arch/arch/arm/core/aarch32/cortex_m/libarch__arm__core__aarch32__cortex_m.a(irq_init.c.obj)
 .debug_aranges
                0x00000000000008a8       0x20 zephyr/arch/arch/arm/core/aarch32/cortex_m/libarch__arm__core__aarch32__cortex_m.a(thread_abort.c.obj)
 .debug_aranges
                0x00000000000008c8       0x28 zephyr/arch/arch/arm/core/aarch32/cortex_m/mpu/libarch__arm__core__aarch32__cortex_m__mpu.a(arm_core_mpu.c.obj)
 .debug_aranges
                0x00000000000008f0       0x48 zephyr/arch/arch/arm/core/aarch32/cortex_m/mpu/libarch__arm__core__aarch32__cortex_m__mpu.a(arm_mpu.c.obj)
 .debug_aranges
                0x0000000000000938       0x90 zephyr/lib/libc/minimal/liblib__libc__minimal.a(string.c.obj)
 .debug_aranges
                0x00000000000009c8       0x58 zephyr/lib/libc/minimal/liblib__libc__minimal.a(stdout_console.c.obj)
 .debug_aranges
                0x0000000000000a20       0x18 zephyr/soc/arm/common/cortex_m/libsoc__arm__common__cortex_m.a(arm_mpu_regions.c.obj)
 .debug_aranges
                0x0000000000000a38       0x38 zephyr/soc/arm/nordic_nrf/nrf52/libsoc__arm__nordic_nrf__nrf52.a(soc.c.obj)
 .debug_aranges
                0x0000000000000a70       0x28 zephyr/soc/arm/nordic_nrf/nrf52/libsoc__arm__nordic_nrf__nrf52.a(power.c.obj)
 .debug_aranges
                0x0000000000000a98       0x68 zephyr/drivers/gpio/libdrivers__gpio.a(gpio_nrfx.c.obj)
 .debug_aranges
                0x0000000000000b00       0x50 zephyr/drivers/serial/libdrivers__serial.a(uart_nrfx_uart.c.obj)
 .debug_aranges
                0x0000000000000b50       0x38 modules/nordic/lib..__modules__hal__nordic.a(system_nrf52.c.obj)
 .debug_aranges
                0x0000000000000b88       0x30 modules/nordic/lib..__modules__hal__nordic.a(nrfx_glue.c.obj)
 .debug_aranges
                0x0000000000000bb8       0x58 zephyr/kernel/libkernel.a(device.c.obj)
 .debug_aranges
                0x0000000000000c10       0x20 zephyr/kernel/libkernel.a(errno.c.obj)
 .debug_aranges
                0x0000000000000c30       0x38 zephyr/kernel/libkernel.a(fatal.c.obj)
 .debug_aranges
                0x0000000000000c68       0x30 zephyr/kernel/libkernel.a(idle.c.obj)
 .debug_aranges
                0x0000000000000c98       0x40 zephyr/kernel/libkernel.a(init.c.obj)
 .debug_aranges
                0x0000000000000cd8      0x1c0 zephyr/kernel/libkernel.a(sched.c.obj)
 .debug_aranges
                0x0000000000000e98       0x30 zephyr/kernel/libkernel.a(sem.c.obj)
 .debug_aranges
                0x0000000000000ec8       0xa0 zephyr/kernel/libkernel.a(thread.c.obj)
 .debug_aranges
                0x0000000000000f68       0x90 zephyr/kernel/libkernel.a(timeout.c.obj)
 .debug_aranges
                0x0000000000000ff8       0x48 zephyr/kernel/libkernel.a(kheap.c.obj)
 .debug_aranges
                0x0000000000001040       0x20 zephyr/CMakeFiles/offsets.dir/./arch/arm/core/offsets/offsets.c.obj

.debug_pubnames
 *(SORT_BY_ALIGNMENT(.debug_pubnames))

.debug_info     0x0000000000000000    0x3c1f9
 *(SORT_BY_ALIGNMENT(.debug_info) SORT_BY_ALIGNMENT(.gnu.linkonce.wi.*))
 .debug_info    0x0000000000000000      0x1ce zephyr/CMakeFiles/zephyr_final.dir/isr_tables.c.obj
 .debug_info    0x00000000000001ce     0x1571 app/libapp.a(main.c.obj)
 .debug_info    0x000000000000173f      0xe6b zephyr/libzephyr.a(fdtable.c.obj)
 .debug_info    0x00000000000025aa      0x9f0 zephyr/libzephyr.a(notify.c.obj)
 .debug_info    0x0000000000002f9a     0x123e zephyr/libzephyr.a(printk.c.obj)
 .debug_info    0x00000000000041d8     0x27a3 zephyr/libzephyr.a(onoff.c.obj)
 .debug_info    0x000000000000697b      0x924 zephyr/libzephyr.a(thread_entry.c.obj)
 .debug_info    0x000000000000729f     0x26a8 zephyr/libzephyr.a(heap.c.obj)
 .debug_info    0x0000000000009947       0x38 zephyr/libzephyr.a(configs.c.obj)
 .debug_info    0x000000000000997f      0xce8 zephyr/libzephyr.a(power.c.obj)
 .debug_info    0x000000000000a667     0x10ed zephyr/libzephyr.a(device.c.obj)
 .debug_info    0x000000000000b754      0xb44 zephyr/libzephyr.a(pm_ctrl.c.obj)
 .debug_info    0x000000000000c298      0xae0 zephyr/libzephyr.a(policy_residency.c.obj)
 .debug_info    0x000000000000cd78      0xfe6 zephyr/libzephyr.a(uart_console.c.obj)
 .debug_info    0x000000000000dd5e     0x44ef zephyr/libzephyr.a(nrf_power_clock.c.obj)
 .debug_info    0x000000000001224d      0xd93 zephyr/libzephyr.a(sys_clock_init.c.obj)
 .debug_info    0x0000000000012fe0     0x20fa zephyr/libzephyr.a(nrf_rtc_timer.c.obj)
 .debug_info    0x00000000000150da     0x1e77 zephyr/libzephyr.a(SEGGER_RTT.c.obj)
 .debug_info    0x0000000000016f51      0xaab zephyr/libzephyr.a(SEGGER_RTT_zephyr.c.obj)
 .debug_info    0x00000000000179fc      0x208 zephyr/arch/common/libarch__common.a(isr_tables.c.obj)
 .debug_info    0x0000000000017c04      0xa7c zephyr/arch/arch/arm/core/aarch32/libarch__arm__core__aarch32.a(swap.c.obj)
 .debug_info    0x0000000000018680       0x22 zephyr/arch/arch/arm/core/aarch32/libarch__arm__core__aarch32.a(swap_helper.S.obj)
 .debug_info    0x00000000000186a2      0xeaf zephyr/arch/arch/arm/core/aarch32/libarch__arm__core__aarch32.a(irq_manage.c.obj)
 .debug_info    0x0000000000019551      0xbdd zephyr/arch/arch/arm/core/aarch32/libarch__arm__core__aarch32.a(thread.c.obj)
 .debug_info    0x000000000001a12e       0x22 zephyr/arch/arch/arm/core/aarch32/libarch__arm__core__aarch32.a(cpu_idle.S.obj)
 .debug_info    0x000000000001a150      0xd30 zephyr/arch/arch/arm/core/aarch32/libarch__arm__core__aarch32.a(fatal.c.obj)
 .debug_info    0x000000000001ae80      0x81d zephyr/arch/arch/arm/core/aarch32/libarch__arm__core__aarch32.a(nmi.c.obj)
 .debug_info    0x000000000001b69d       0x26 zephyr/arch/arch/arm/core/aarch32/libarch__arm__core__aarch32.a(nmi_on_reset.S.obj)
 .debug_info    0x000000000001b6c3      0xcf7 zephyr/arch/arch/arm/core/aarch32/libarch__arm__core__aarch32.a(prep_c.c.obj)
 .debug_info    0x000000000001c3ba       0x26 zephyr/arch/arch/arm/core/aarch32/libarch__arm__core__aarch32.a(isr_wrapper.S.obj)
 .debug_info    0x000000000001c3e0       0x26 zephyr/arch/arch/arm/core/aarch32/cortex_m/libarch__arm__core__aarch32__cortex_m.a(reset.S.obj)
 .debug_info    0x000000000001c406       0x26 zephyr/arch/arch/arm/core/aarch32/cortex_m/libarch__arm__core__aarch32__cortex_m.a(fault_s.S.obj)
 .debug_info    0x000000000001c42c     0x16b5 zephyr/arch/arch/arm/core/aarch32/cortex_m/libarch__arm__core__aarch32__cortex_m.a(fault.c.obj)
 .debug_info    0x000000000001dae1       0x26 zephyr/arch/arch/arm/core/aarch32/cortex_m/libarch__arm__core__aarch32__cortex_m.a(exc_exit.S.obj)
 .debug_info    0x000000000001db07      0x655 zephyr/arch/arch/arm/core/aarch32/cortex_m/libarch__arm__core__aarch32__cortex_m.a(irq_init.c.obj)
 .debug_info    0x000000000001e15c      0xb4e zephyr/arch/arch/arm/core/aarch32/cortex_m/libarch__arm__core__aarch32__cortex_m.a(thread_abort.c.obj)
 .debug_info    0x000000000001ecaa      0xb94 zephyr/arch/arch/arm/core/aarch32/cortex_m/mpu/libarch__arm__core__aarch32__cortex_m__mpu.a(arm_core_mpu.c.obj)
 .debug_info    0x000000000001f83e     0x17a5 zephyr/arch/arch/arm/core/aarch32/cortex_m/mpu/libarch__arm__core__aarch32__cortex_m__mpu.a(arm_mpu.c.obj)
 .debug_info    0x0000000000020fe3      0x70d zephyr/lib/libc/minimal/liblib__libc__minimal.a(string.c.obj)
 .debug_info    0x00000000000216f0      0x691 zephyr/lib/libc/minimal/liblib__libc__minimal.a(stdout_console.c.obj)
 .debug_info    0x0000000000021d81      0x1df zephyr/soc/arm/common/cortex_m/libsoc__arm__common__cortex_m.a(arm_mpu_regions.c.obj)
 .debug_info    0x0000000000021f60     0x12bf zephyr/soc/arm/nordic_nrf/nrf52/libsoc__arm__nordic_nrf__nrf52.a(soc.c.obj)
 .debug_info    0x000000000002321f      0xe0f zephyr/soc/arm/nordic_nrf/nrf52/libsoc__arm__nordic_nrf__nrf52.a(power.c.obj)
 .debug_info    0x000000000002402e     0x3228 zephyr/drivers/gpio/libdrivers__gpio.a(gpio_nrfx.c.obj)
 .debug_info    0x0000000000027256     0x2f9c zephyr/drivers/serial/libdrivers__serial.a(uart_nrfx_uart.c.obj)
 .debug_info    0x000000000002a1f2     0x136a modules/nordic/lib..__modules__hal__nordic.a(system_nrf52.c.obj)
 .debug_info    0x000000000002b55c      0x97b modules/nordic/lib..__modules__hal__nordic.a(nrfx_glue.c.obj)
 .debug_info    0x000000000002bed7     0x113e zephyr/kernel/libkernel.a(device.c.obj)
 .debug_info    0x000000000002d015      0x879 zephyr/kernel/libkernel.a(errno.c.obj)
 .debug_info    0x000000000002d88e     0x1349 zephyr/kernel/libkernel.a(fatal.c.obj)
 .debug_info    0x000000000002ebd7      0xa96 zephyr/kernel/libkernel.a(idle.c.obj)
 .debug_info    0x000000000002f66d     0x1bae zephyr/kernel/libkernel.a(init.c.obj)
 .debug_info    0x000000000003121b     0x57c1 zephyr/kernel/libkernel.a(sched.c.obj)
 .debug_info    0x00000000000369dc      0xde5 zephyr/kernel/libkernel.a(sem.c.obj)
 .debug_info    0x00000000000377c1     0x1617 zephyr/kernel/libkernel.a(thread.c.obj)
 .debug_info    0x0000000000038dd8     0x1bf1 zephyr/kernel/libkernel.a(timeout.c.obj)
 .debug_info    0x000000000003a9c9     0x1003 zephyr/kernel/libkernel.a(kheap.c.obj)
 .debug_info    0x000000000003b9cc      0x82d zephyr/CMakeFiles/offsets.dir/./arch/arm/core/offsets/offsets.c.obj

.debug_abbrev   0x0000000000000000     0xb019
 *(SORT_BY_ALIGNMENT(.debug_abbrev))
 .debug_abbrev  0x0000000000000000       0xf5 zephyr/CMakeFiles/zephyr_final.dir/isr_tables.c.obj
 .debug_abbrev  0x00000000000000f5      0x484 app/libapp.a(main.c.obj)
 .debug_abbrev  0x0000000000000579      0x3e7 zephyr/libzephyr.a(fdtable.c.obj)
 .debug_abbrev  0x0000000000000960      0x286 zephyr/libzephyr.a(notify.c.obj)
 .debug_abbrev  0x0000000000000be6      0x51d zephyr/libzephyr.a(printk.c.obj)
 .debug_abbrev  0x0000000000001103      0x558 zephyr/libzephyr.a(onoff.c.obj)
 .debug_abbrev  0x000000000000165b      0x267 zephyr/libzephyr.a(thread_entry.c.obj)
 .debug_abbrev  0x00000000000018c2      0x4ac zephyr/libzephyr.a(heap.c.obj)
 .debug_abbrev  0x0000000000001d6e       0x2e zephyr/libzephyr.a(configs.c.obj)
 .debug_abbrev  0x0000000000001d9c      0x3fd zephyr/libzephyr.a(power.c.obj)
 .debug_abbrev  0x0000000000002199      0x3bb zephyr/libzephyr.a(device.c.obj)
 .debug_abbrev  0x0000000000002554      0x295 zephyr/libzephyr.a(pm_ctrl.c.obj)
 .debug_abbrev  0x00000000000027e9      0x2be zephyr/libzephyr.a(policy_residency.c.obj)
 .debug_abbrev  0x0000000000002aa7      0x3d9 zephyr/libzephyr.a(uart_console.c.obj)
 .debug_abbrev  0x0000000000002e80      0x7f2 zephyr/libzephyr.a(nrf_power_clock.c.obj)
 .debug_abbrev  0x0000000000003672      0x2d6 zephyr/libzephyr.a(sys_clock_init.c.obj)
 .debug_abbrev  0x0000000000003948      0x5b5 zephyr/libzephyr.a(nrf_rtc_timer.c.obj)
 .debug_abbrev  0x0000000000003efd      0x3cf zephyr/libzephyr.a(SEGGER_RTT.c.obj)
 .debug_abbrev  0x00000000000042cc      0x21c zephyr/libzephyr.a(SEGGER_RTT_zephyr.c.obj)
 .debug_abbrev  0x00000000000044e8       0xf5 zephyr/arch/common/libarch__common.a(isr_tables.c.obj)
 .debug_abbrev  0x00000000000045dd      0x235 zephyr/arch/arch/arm/core/aarch32/libarch__arm__core__aarch32.a(swap.c.obj)
 .debug_abbrev  0x0000000000004812       0x12 zephyr/arch/arch/arm/core/aarch32/libarch__arm__core__aarch32.a(swap_helper.S.obj)
 .debug_abbrev  0x0000000000004824      0x370 zephyr/arch/arch/arm/core/aarch32/libarch__arm__core__aarch32.a(irq_manage.c.obj)
 .debug_abbrev  0x0000000000004b94      0x2e0 zephyr/arch/arch/arm/core/aarch32/libarch__arm__core__aarch32.a(thread.c.obj)
 .debug_abbrev  0x0000000000004e74       0x12 zephyr/arch/arch/arm/core/aarch32/libarch__arm__core__aarch32.a(cpu_idle.S.obj)
 .debug_abbrev  0x0000000000004e86      0x37a zephyr/arch/arch/arm/core/aarch32/libarch__arm__core__aarch32.a(fatal.c.obj)
 .debug_abbrev  0x0000000000005200      0x1ca zephyr/arch/arch/arm/core/aarch32/libarch__arm__core__aarch32.a(nmi.c.obj)
 .debug_abbrev  0x00000000000053ca       0x14 zephyr/arch/arch/arm/core/aarch32/libarch__arm__core__aarch32.a(nmi_on_reset.S.obj)
 .debug_abbrev  0x00000000000053de      0x2d3 zephyr/arch/arch/arm/core/aarch32/libarch__arm__core__aarch32.a(prep_c.c.obj)
 .debug_abbrev  0x00000000000056b1       0x14 zephyr/arch/arch/arm/core/aarch32/libarch__arm__core__aarch32.a(isr_wrapper.S.obj)
 .debug_abbrev  0x00000000000056c5       0x14 zephyr/arch/arch/arm/core/aarch32/cortex_m/libarch__arm__core__aarch32__cortex_m.a(reset.S.obj)
 .debug_abbrev  0x00000000000056d9       0x14 zephyr/arch/arch/arm/core/aarch32/cortex_m/libarch__arm__core__aarch32__cortex_m.a(fault_s.S.obj)
 .debug_abbrev  0x00000000000056ed      0x452 zephyr/arch/arch/arm/core/aarch32/cortex_m/libarch__arm__core__aarch32__cortex_m.a(fault.c.obj)
 .debug_abbrev  0x0000000000005b3f       0x14 zephyr/arch/arch/arm/core/aarch32/cortex_m/libarch__arm__core__aarch32__cortex_m.a(exc_exit.S.obj)
 .debug_abbrev  0x0000000000005b53      0x1e6 zephyr/arch/arch/arm/core/aarch32/cortex_m/libarch__arm__core__aarch32__cortex_m.a(irq_init.c.obj)
 .debug_abbrev  0x0000000000005d39      0x2d1 zephyr/arch/arch/arm/core/aarch32/cortex_m/libarch__arm__core__aarch32__cortex_m.a(thread_abort.c.obj)
 .debug_abbrev  0x000000000000600a      0x207 zephyr/arch/arch/arm/core/aarch32/cortex_m/mpu/libarch__arm__core__aarch32__cortex_m__mpu.a(arm_core_mpu.c.obj)
 .debug_abbrev  0x0000000000006211      0x503 zephyr/arch/arch/arm/core/aarch32/cortex_m/mpu/libarch__arm__core__aarch32__cortex_m__mpu.a(arm_mpu.c.obj)
 .debug_abbrev  0x0000000000006714      0x1a2 zephyr/lib/libc/minimal/liblib__libc__minimal.a(string.c.obj)
 .debug_abbrev  0x00000000000068b6      0x25a zephyr/lib/libc/minimal/liblib__libc__minimal.a(stdout_console.c.obj)
 .debug_abbrev  0x0000000000006b10       0xf3 zephyr/soc/arm/common/cortex_m/libsoc__arm__common__cortex_m.a(arm_mpu_regions.c.obj)
 .debug_abbrev  0x0000000000006c03      0x3f1 zephyr/soc/arm/nordic_nrf/nrf52/libsoc__arm__nordic_nrf__nrf52.a(soc.c.obj)
 .debug_abbrev  0x0000000000006ff4      0x304 zephyr/soc/arm/nordic_nrf/nrf52/libsoc__arm__nordic_nrf__nrf52.a(power.c.obj)
 .debug_abbrev  0x00000000000072f8      0x5f1 zephyr/drivers/gpio/libdrivers__gpio.a(gpio_nrfx.c.obj)
 .debug_abbrev  0x00000000000078e9      0x59d zephyr/drivers/serial/libdrivers__serial.a(uart_nrfx_uart.c.obj)
 .debug_abbrev  0x0000000000007e86      0x27d modules/nordic/lib..__modules__hal__nordic.a(system_nrf52.c.obj)
 .debug_abbrev  0x0000000000008103      0x26c modules/nordic/lib..__modules__hal__nordic.a(nrfx_glue.c.obj)
 .debug_abbrev  0x000000000000836f      0x3d4 zephyr/kernel/libkernel.a(device.c.obj)
 .debug_abbrev  0x0000000000008743      0x1cf zephyr/kernel/libkernel.a(errno.c.obj)
 .debug_abbrev  0x0000000000008912      0x420 zephyr/kernel/libkernel.a(fatal.c.obj)
 .debug_abbrev  0x0000000000008d32      0x34a zephyr/kernel/libkernel.a(idle.c.obj)
 .debug_abbrev  0x000000000000907c      0x5ef zephyr/kernel/libkernel.a(init.c.obj)
 .debug_abbrev  0x000000000000966b      0x665 zephyr/kernel/libkernel.a(sched.c.obj)
 .debug_abbrev  0x0000000000009cd0      0x39d zephyr/kernel/libkernel.a(sem.c.obj)
 .debug_abbrev  0x000000000000a06d      0x556 zephyr/kernel/libkernel.a(thread.c.obj)
 .debug_abbrev  0x000000000000a5c3      0x4e4 zephyr/kernel/libkernel.a(timeout.c.obj)
 .debug_abbrev  0x000000000000aaa7      0x3b7 zephyr/kernel/libkernel.a(kheap.c.obj)
 .debug_abbrev  0x000000000000ae5e      0x1bb zephyr/CMakeFiles/offsets.dir/./arch/arm/core/offsets/offsets.c.obj

.debug_line     0x0000000000000000    0x17371
 *(SORT_BY_ALIGNMENT(.debug_line) SORT_BY_ALIGNMENT(.debug_line.*) SORT_BY_ALIGNMENT(.debug_line_end))
 .debug_line    0x0000000000000000      0x18b zephyr/CMakeFiles/zephyr_final.dir/isr_tables.c.obj
 .debug_line    0x000000000000018b      0x66b app/libapp.a(main.c.obj)
 .debug_line    0x00000000000007f6      0x5f2 zephyr/libzephyr.a(fdtable.c.obj)
 .debug_line    0x0000000000000de8      0x3be zephyr/libzephyr.a(notify.c.obj)
 .debug_line    0x00000000000011a6      0x8a4 zephyr/libzephyr.a(printk.c.obj)
 .debug_line    0x0000000000001a4a     0x11d3 zephyr/libzephyr.a(onoff.c.obj)
 .debug_line    0x0000000000002c1d      0x365 zephyr/libzephyr.a(thread_entry.c.obj)
 .debug_line    0x0000000000002f82      0xe08 zephyr/libzephyr.a(heap.c.obj)
 .debug_line    0x0000000000003d8a      0x14b zephyr/libzephyr.a(configs.c.obj)
 .debug_line    0x0000000000003ed5      0x5a1 zephyr/libzephyr.a(power.c.obj)
 .debug_line    0x0000000000004476      0x5ea zephyr/libzephyr.a(device.c.obj)
 .debug_line    0x0000000000004a60      0x412 zephyr/libzephyr.a(pm_ctrl.c.obj)
 .debug_line    0x0000000000004e72      0x3d3 zephyr/libzephyr.a(policy_residency.c.obj)
 .debug_line    0x0000000000005245      0x458 zephyr/libzephyr.a(uart_console.c.obj)
 .debug_line    0x000000000000569d     0x1229 zephyr/libzephyr.a(nrf_power_clock.c.obj)
 .debug_line    0x00000000000068c6      0x379 zephyr/libzephyr.a(sys_clock_init.c.obj)
 .debug_line    0x0000000000006c3f      0xb19 zephyr/libzephyr.a(nrf_rtc_timer.c.obj)
 .debug_line    0x0000000000007758     0x135d zephyr/libzephyr.a(SEGGER_RTT.c.obj)
 .debug_line    0x0000000000008ab5      0x33e zephyr/libzephyr.a(SEGGER_RTT_zephyr.c.obj)
 .debug_line    0x0000000000008df3      0x1ba zephyr/arch/common/libarch__common.a(isr_tables.c.obj)
 .debug_line    0x0000000000008fad      0x3c6 zephyr/arch/arch/arm/core/aarch32/libarch__arm__core__aarch32.a(swap.c.obj)
 .debug_line    0x0000000000009373       0xcb zephyr/arch/arch/arm/core/aarch32/libarch__arm__core__aarch32.a(swap_helper.S.obj)
 .debug_line    0x000000000000943e      0x497 zephyr/arch/arch/arm/core/aarch32/libarch__arm__core__aarch32.a(irq_manage.c.obj)
 .debug_line    0x00000000000098d5      0x496 zephyr/arch/arch/arm/core/aarch32/libarch__arm__core__aarch32.a(thread.c.obj)
 .debug_line    0x0000000000009d6b       0xb0 zephyr/arch/arch/arm/core/aarch32/libarch__arm__core__aarch32.a(cpu_idle.S.obj)
 .debug_line    0x0000000000009e1b      0x3e5 zephyr/arch/arch/arm/core/aarch32/libarch__arm__core__aarch32.a(fatal.c.obj)
 .debug_line    0x000000000000a200      0x311 zephyr/arch/arch/arm/core/aarch32/libarch__arm__core__aarch32.a(nmi.c.obj)
 .debug_line    0x000000000000a511       0x7f zephyr/arch/arch/arm/core/aarch32/libarch__arm__core__aarch32.a(nmi_on_reset.S.obj)
 .debug_line    0x000000000000a590      0x44f zephyr/arch/arch/arm/core/aarch32/libarch__arm__core__aarch32.a(prep_c.c.obj)
 .debug_line    0x000000000000a9df       0xa7 zephyr/arch/arch/arm/core/aarch32/libarch__arm__core__aarch32.a(isr_wrapper.S.obj)
 .debug_line    0x000000000000aa86       0x91 zephyr/arch/arch/arm/core/aarch32/cortex_m/libarch__arm__core__aarch32__cortex_m.a(reset.S.obj)
 .debug_line    0x000000000000ab17       0x88 zephyr/arch/arch/arm/core/aarch32/cortex_m/libarch__arm__core__aarch32__cortex_m.a(fault_s.S.obj)
 .debug_line    0x000000000000ab9f      0x82e zephyr/arch/arch/arm/core/aarch32/cortex_m/libarch__arm__core__aarch32__cortex_m.a(fault.c.obj)
 .debug_line    0x000000000000b3cd       0x92 zephyr/arch/arch/arm/core/aarch32/cortex_m/libarch__arm__core__aarch32__cortex_m.a(exc_exit.S.obj)
 .debug_line    0x000000000000b45f      0x27a zephyr/arch/arch/arm/core/aarch32/cortex_m/libarch__arm__core__aarch32__cortex_m.a(irq_init.c.obj)
 .debug_line    0x000000000000b6d9      0x438 zephyr/arch/arch/arm/core/aarch32/cortex_m/libarch__arm__core__aarch32__cortex_m.a(thread_abort.c.obj)
 .debug_line    0x000000000000bb11      0x3e1 zephyr/arch/arch/arm/core/aarch32/cortex_m/mpu/libarch__arm__core__aarch32__cortex_m__mpu.a(arm_core_mpu.c.obj)
 .debug_line    0x000000000000bef2      0x832 zephyr/arch/arch/arm/core/aarch32/cortex_m/mpu/libarch__arm__core__aarch32__cortex_m__mpu.a(arm_mpu.c.obj)
 .debug_line    0x000000000000c724      0x594 zephyr/lib/libc/minimal/liblib__libc__minimal.a(string.c.obj)
 .debug_line    0x000000000000ccb8      0x30b zephyr/lib/libc/minimal/liblib__libc__minimal.a(stdout_console.c.obj)
 .debug_line    0x000000000000cfc3      0x1cb zephyr/soc/arm/common/cortex_m/libsoc__arm__common__cortex_m.a(arm_mpu_regions.c.obj)
 .debug_line    0x000000000000d18e      0x538 zephyr/soc/arm/nordic_nrf/nrf52/libsoc__arm__nordic_nrf__nrf52.a(soc.c.obj)
 .debug_line    0x000000000000d6c6      0x45c zephyr/soc/arm/nordic_nrf/nrf52/libsoc__arm__nordic_nrf__nrf52.a(power.c.obj)
 .debug_line    0x000000000000db22     0x1109 zephyr/drivers/gpio/libdrivers__gpio.a(gpio_nrfx.c.obj)
 .debug_line    0x000000000000ec2b      0xe25 zephyr/drivers/serial/libdrivers__serial.a(uart_nrfx_uart.c.obj)
 .debug_line    0x000000000000fa50      0x58b modules/nordic/lib..__modules__hal__nordic.a(system_nrf52.c.obj)
 .debug_line    0x000000000000ffdb      0x494 modules/nordic/lib..__modules__hal__nordic.a(nrfx_glue.c.obj)
 .debug_line    0x000000000001046f      0x62b zephyr/kernel/libkernel.a(device.c.obj)
 .debug_line    0x0000000000010a9a      0x329 zephyr/kernel/libkernel.a(errno.c.obj)
 .debug_line    0x0000000000010dc3      0x5a7 zephyr/kernel/libkernel.a(fatal.c.obj)
 .debug_line    0x000000000001136a      0x4c7 zephyr/kernel/libkernel.a(idle.c.obj)
 .debug_line    0x0000000000011831      0x888 zephyr/kernel/libkernel.a(init.c.obj)
 .debug_line    0x00000000000120b9     0x2b50 zephyr/kernel/libkernel.a(sched.c.obj)
 .debug_line    0x0000000000014c09      0x5c3 zephyr/kernel/libkernel.a(sem.c.obj)
 .debug_line    0x00000000000151cc      0x942 zephyr/kernel/libkernel.a(thread.c.obj)
 .debug_line    0x0000000000015b0e      0xe84 zephyr/kernel/libkernel.a(timeout.c.obj)
 .debug_line    0x0000000000016992      0x614 zephyr/kernel/libkernel.a(kheap.c.obj)
 .debug_line    0x0000000000016fa6      0x3cb zephyr/CMakeFiles/offsets.dir/./arch/arm/core/offsets/offsets.c.obj

.debug_frame    0x0000000000000000     0x24b4
 *(SORT_BY_ALIGNMENT(.debug_frame))
 .debug_frame   0x0000000000000000       0x5c app/libapp.a(main.c.obj)
 .debug_frame   0x000000000000005c       0xb4 zephyr/libzephyr.a(fdtable.c.obj)
 .debug_frame   0x0000000000000110       0x30 zephyr/libzephyr.a(notify.c.obj)
 .debug_frame   0x0000000000000140      0x178 zephyr/libzephyr.a(printk.c.obj)
 .debug_frame   0x00000000000002b8      0x130 zephyr/libzephyr.a(onoff.c.obj)
 .debug_frame   0x00000000000003e8       0x28 zephyr/libzephyr.a(thread_entry.c.obj)
 .debug_frame   0x0000000000000410      0x208 zephyr/libzephyr.a(heap.c.obj)